2026-08-11T06:52:49.4136889Z Current runner version: '2.336.0'
2026-08-11T06:52:49.4160312Z ##[group]Runner Image Provisioner
2026-08-11T06:52:49.4161154Z Hosted Compute Agent
2026-08-11T06:52:49.4161683Z Version: 20260707.563
2026-08-11T06:52:49.4162255Z Commit: 02667638d2b423fbc733a8e32a88b44996a3ba6e
2026-08-11T06:52:49.4162903Z Build Date: 2026-07-07T19:33:50Z
2026-08-11T06:52:49.4163534Z Worker ID: {01f32eef-803c-4dd1-a225-de90b060791f}
2026-08-11T06:52:49.4164191Z Azure Region: southcentralus
2026-08-11T06:52:49.4164779Z ##[endgroup]
2026-08-11T06:52:49.4165991Z ##[group]Operating System
2026-08-11T06:52:49.4166605Z Ubuntu
2026-08-11T06:52:49.4167062Z 24.04.4
2026-08-11T06:52:49.4167558Z LTS
2026-08-11T06:52:49.4168024Z ##[endgroup]
2026-08-11T06:52:49.4168650Z ##[group]Runner Image
2026-08-11T06:52:49.4169542Z Image: ubuntu-24.04
2026-08-11T06:52:49.4170051Z Version: 20260720.247.2
2026-08-11T06:52:49.4171263Z Included Software: https://github.com/actions/runner-images/blob/ubuntu24/20260720.247/images/ubuntu/Ubuntu2404-Readme.md
2026-08-11T06:52:49.4172598Z Image Release: https://github.com/actions/runner-images/releases/tag/ubuntu24%2F20260720.247
2026-08-11T06:52:49.4173449Z ##[endgroup]
2026-08-11T06:52:49.4174508Z ##[group]GITHUB_TOKEN Permissions
2026-08-11T06:52:49.4176519Z Contents: read
2026-08-11T06:52:49.4177049Z Metadata: read
2026-08-11T06:52:49.4177521Z Packages: read
2026-08-11T06:52:49.4178037Z ##[endgroup]
2026-08-11T06:52:49.4180457Z Secret source: Actions
2026-08-11T06:52:49.4181456Z Prepare workflow directory
2026-08-11T06:52:49.4630874Z Prepare all required actions
2026-08-11T06:52:49.4684783Z Getting action download info
2026-08-11T06:52:49.7178182Z Download action repository 'actions/checkout@v4' (SHA:11d5960a326750d5838078e36cf38b85af677262)
2026-08-11T06:52:50.2088486Z Download action repository 'astral-sh/setup-uv@v3' (SHA:caf0cab7a618c569241d31dcd442f54681755d39)
2026-08-11T06:52:50.9031734Z Complete job name: test
2026-08-11T06:52:50.9535394Z ##[group]Checking docker version
2026-08-11T06:52:50.9549056Z ##[command]/usr/bin/docker version --format '{{.Server.APIVersion}}'
2026-08-11T06:52:51.0298918Z '1.48'
2026-08-11T06:52:51.0314464Z Docker daemon API version: '1.48'
2026-08-11T06:52:51.0315419Z ##[command]/usr/bin/docker version --format '{{.Client.APIVersion}}'
2026-08-11T06:52:51.0478583Z '1.48'
2026-08-11T06:52:51.0501265Z Docker client API version: '1.48'
2026-08-11T06:52:51.0506014Z ##[endgroup]
2026-08-11T06:52:51.0509574Z ##[group]Clean up resources from previous jobs
2026-08-11T06:52:51.0515328Z ##[command]/usr/bin/docker ps --all --quiet --no-trunc --filter "label=eb96b4"
2026-08-11T06:52:51.0661555Z ##[command]/usr/bin/docker network prune --force --filter "label=eb96b4"
2026-08-11T06:52:51.0784936Z ##[endgroup]
2026-08-11T06:52:51.0785538Z ##[group]Create local container network
2026-08-11T06:52:51.0796046Z ##[command]/usr/bin/docker network create --label eb96b4 github_network_a7a928496e25467d889903c397ef9ad7
2026-08-11T06:52:51.1241123Z bf234e8200a3f643c7dbff4341668a219bac8c5fdd6352a16f4be0ff6808ba55
2026-08-11T06:52:51.1257349Z ##[endgroup]
2026-08-11T06:52:51.1284237Z ##[group]Starting postgres service container
2026-08-11T06:52:51.1306233Z ##[command]/usr/bin/docker pull postgres:16
2026-08-11T06:52:51.7429187Z 16: Pulling from library/postgres
2026-08-11T06:52:51.9238753Z 26c307b5e35a: Pulling fs layer
2026-08-11T06:52:51.9241712Z bc896de4a313: Pulling fs layer
2026-08-11T06:52:51.9244015Z 21b1510e6796: Pulling fs layer
2026-08-11T06:52:51.9246384Z 1d943b076b0f: Pulling fs layer
2026-08-11T06:52:51.9248949Z c66dedc53722: Pulling fs layer
2026-08-11T06:52:51.9251370Z 6a61619bdfd1: Pulling fs layer
2026-08-11T06:52:51.9253391Z 0a30060dfa56: Pulling fs layer
2026-08-11T06:52:51.9255107Z 10e14a8b4766: Pulling fs layer
2026-08-11T06:52:51.9256455Z 24ae71c6470d: Pulling fs layer
2026-08-11T06:52:51.9257806Z 572343b36a41: Pulling fs layer
2026-08-11T06:52:51.9259296Z bc0701afb397: Pulling fs layer
2026-08-11T06:52:51.9260610Z d015a9a5b43f: Pulling fs layer
2026-08-11T06:52:51.9261923Z 5724f2481726: Pulling fs layer
2026-08-11T06:52:51.9263600Z 5d59b154e183: Pulling fs layer
2026-08-11T06:52:51.9264914Z 1d943b076b0f: Waiting
2026-08-11T06:52:51.9266037Z 0a30060dfa56: Waiting
2026-08-11T06:52:51.9267167Z 10e14a8b4766: Waiting
2026-08-11T06:52:51.9268679Z c66dedc53722: Waiting
2026-08-11T06:52:51.9270172Z 6a61619bdfd1: Waiting
2026-08-11T06:52:51.9271615Z 24ae71c6470d: Waiting
2026-08-11T06:52:51.9273084Z 572343b36a41: Waiting
2026-08-11T06:52:51.9274475Z bc0701afb397: Waiting
2026-08-11T06:52:51.9275648Z d015a9a5b43f: Waiting
2026-08-11T06:52:51.9276839Z 5724f2481726: Waiting
2026-08-11T06:52:51.9277989Z 5d59b154e183: Waiting
2026-08-11T06:52:52.1812852Z bc896de4a313: Verifying Checksum
2026-08-11T06:52:52.1816030Z bc896de4a313: Download complete
2026-08-11T06:52:52.5560032Z 21b1510e6796: Verifying Checksum
2026-08-11T06:52:52.5563414Z 21b1510e6796: Download complete
2026-08-11T06:52:52.6889157Z 26c307b5e35a: Verifying Checksum
2026-08-11T06:52:52.6891902Z 26c307b5e35a: Download complete
2026-08-11T06:52:52.7055961Z 1d943b076b0f: Verifying Checksum
2026-08-11T06:52:52.7057622Z 1d943b076b0f: Download complete
2026-08-11T06:52:52.9349283Z 0a30060dfa56: Verifying Checksum
2026-08-11T06:52:52.9349831Z 0a30060dfa56: Download complete
2026-08-11T06:52:53.1474649Z 6a61619bdfd1: Verifying Checksum
2026-08-11T06:52:53.1480262Z 6a61619bdfd1: Download complete
2026-08-11T06:52:53.1516608Z c66dedc53722: Verifying Checksum
2026-08-11T06:52:53.1517282Z c66dedc53722: Download complete
2026-08-11T06:52:53.1779638Z 10e14a8b4766: Verifying Checksum
2026-08-11T06:52:53.1780242Z 10e14a8b4766: Download complete
2026-08-11T06:52:53.3712434Z 572343b36a41: Verifying Checksum
2026-08-11T06:52:53.3712815Z 572343b36a41: Download complete
2026-08-11T06:52:53.3896175Z bc0701afb397: Download complete
2026-08-11T06:52:53.5162823Z 26c307b5e35a: Pull complete
2026-08-11T06:52:53.5355876Z bc896de4a313: Pull complete
2026-08-11T06:52:53.5786721Z d015a9a5b43f: Verifying Checksum
2026-08-11T06:52:53.5787396Z d015a9a5b43f: Download complete
2026-08-11T06:52:53.5983216Z 5724f2481726: Download complete
2026-08-11T06:52:53.7264779Z 21b1510e6796: Pull complete
2026-08-11T06:52:53.7687448Z 1d943b076b0f: Pull complete
2026-08-11T06:52:53.7943080Z 5d59b154e183: Verifying Checksum
2026-08-11T06:52:53.7943592Z 5d59b154e183: Download complete
2026-08-11T06:52:54.0844235Z c66dedc53722: Pull complete
2026-08-11T06:52:54.1075575Z 24ae71c6470d: Verifying Checksum
2026-08-11T06:52:54.1076095Z 24ae71c6470d: Download complete
2026-08-11T06:52:54.1619864Z 6a61619bdfd1: Pull complete
2026-08-11T06:52:54.1711599Z 0a30060dfa56: Pull complete
2026-08-11T06:52:54.1796143Z 10e14a8b4766: Pull complete
2026-08-11T06:52:56.8375640Z 24ae71c6470d: Pull complete
2026-08-11T06:52:56.8491292Z 572343b36a41: Pull complete
2026-08-11T06:52:56.8568005Z bc0701afb397: Pull complete
2026-08-11T06:52:56.8662049Z d015a9a5b43f: Pull complete
2026-08-11T06:52:56.8740607Z 5724f2481726: Pull complete
2026-08-11T06:52:56.8815857Z 5d59b154e183: Pull complete
2026-08-11T06:52:56.8850237Z Digest: sha256:95206741a5b214807675e14165369d05b93a9cf692223b616d07cca227e74b0b
2026-08-11T06:52:56.8863224Z Status: Downloaded newer image for postgres:16
2026-08-11T06:52:56.8873427Z docker.io/library/postgres:16
2026-08-11T06:52:56.8933941Z ##[command]/usr/bin/docker create --name 253149cf9a684ad2a3487c1b22810105_postgres16_3c8b6b --label eb96b4 --network github_network_a7a928496e25467d889903c397ef9ad7 --network-alias postgres -p 5432:5432 --health-cmd "pg_isready -U postgres" --health-interval 5s --health-timeout 5s --health-retries 10 -e "POSTGRES_PASSWORD=dev" -e "POSTGRES_DB=bucker" -e GITHUB_ACTIONS=true -e CI=true postgres:16
2026-08-11T06:52:56.9170930Z 26ca186fc4de2be5c9b6b172da7b1b8f7e0ed70e440129ca88b457dc202df00a
2026-08-11T06:52:56.9189464Z ##[command]/usr/bin/docker start 26ca186fc4de2be5c9b6b172da7b1b8f7e0ed70e440129ca88b457dc202df00a
2026-08-11T06:52:57.0997227Z 26ca186fc4de2be5c9b6b172da7b1b8f7e0ed70e440129ca88b457dc202df00a
2026-08-11T06:52:57.1018780Z ##[command]/usr/bin/docker ps --all --filter id=26ca186fc4de2be5c9b6b172da7b1b8f7e0ed70e440129ca88b457dc202df00a --filter status=running --no-trunc --format "{{.ID}} {{.Status}}"
2026-08-11T06:52:57.1143022Z 26ca186fc4de2be5c9b6b172da7b1b8f7e0ed70e440129ca88b457dc202df00a Up Less than a second (health: starting)
2026-08-11T06:52:57.1163482Z ##[command]/usr/bin/docker port 26ca186fc4de2be5c9b6b172da7b1b8f7e0ed70e440129ca88b457dc202df00a
2026-08-11T06:52:57.1385700Z 5432/tcp -> 0.0.0.0:5432
2026-08-11T06:52:57.1386142Z 5432/tcp -> [::]:5432
2026-08-11T06:52:57.1444253Z ##[endgroup]
2026-08-11T06:52:57.1456745Z ##[group]Waiting for all services to be ready
2026-08-11T06:52:57.1475862Z ##[command]/usr/bin/docker inspect --format="{{if .Config.Healthcheck}}{{print .State.Health.Status}}{{end}}" 26ca186fc4de2be5c9b6b172da7b1b8f7e0ed70e440129ca88b457dc202df00a
2026-08-11T06:52:57.1613356Z starting
2026-08-11T06:52:57.1634784Z postgres service is starting, waiting 2 seconds before checking again.
2026-08-11T06:52:59.1631000Z ##[command]/usr/bin/docker inspect --format="{{if .Config.Healthcheck}}{{print .State.Health.Status}}{{end}}" 26ca186fc4de2be5c9b6b172da7b1b8f7e0ed70e440129ca88b457dc202df00a
2026-08-11T06:52:59.1768441Z starting
2026-08-11T06:52:59.1777314Z postgres service is starting, waiting 3 seconds before checking again.
2026-08-11T06:53:03.0183298Z ##[command]/usr/bin/docker inspect --format="{{if .Config.Healthcheck}}{{print .State.Health.Status}}{{end}}" 26ca186fc4de2be5c9b6b172da7b1b8f7e0ed70e440129ca88b457dc202df00a
2026-08-11T06:53:03.0324787Z healthy
2026-08-11T06:53:03.0338440Z postgres service is healthy.
2026-08-11T06:53:03.0338908Z ##[endgroup]
2026-08-11T06:53:03.0607968Z Node 20 is being deprecated. This workflow is running with Node 24 by default. If you need to temporarily use Node 20, you can set the ACTIONS_ALLOW_USE_UNSECURE_NODE_VERSION=true environment variable. For more information see: https://github.blog/changelog/2025-09-19-deprecation-of-node-20-on-github-actions-runners/
2026-08-11T06:53:03.0615878Z ##[group]Run actions/checkout@v4
2026-08-11T06:53:03.0616279Z with:
2026-08-11T06:53:03.0616518Z   repository: abiralpokhrel-learns/bucker-agent
2026-08-11T06:53:03.0619235Z   token: ***
2026-08-11T06:53:03.0619429Z   ssh-strict: true
2026-08-11T06:53:03.0619627Z   ssh-user: git
2026-08-11T06:53:03.0619827Z   persist-credentials: true
2026-08-11T06:53:03.0620045Z   clean: true
2026-08-11T06:53:03.0620256Z   sparse-checkout-cone-mode: true
2026-08-11T06:53:03.0620505Z   fetch-depth: 1
2026-08-11T06:53:03.0620694Z   fetch-tags: false
2026-08-11T06:53:03.0620891Z   show-progress: true
2026-08-11T06:53:03.0621092Z   lfs: false
2026-08-11T06:53:03.0621355Z   submodules: false
2026-08-11T06:53:03.0621555Z   set-safe-directory: true
2026-08-11T06:53:03.0621790Z   allow-unsafe-pr-checkout: false
2026-08-11T06:53:03.0622262Z ##[endgroup]
2026-08-11T06:53:03.1635467Z Syncing repository: abiralpokhrel-learns/bucker-agent
2026-08-11T06:53:03.1637583Z ##[group]Getting Git version info
2026-08-11T06:53:03.1638477Z Working directory is '/home/runner/work/bucker-agent/bucker-agent'
2026-08-11T06:53:03.1639580Z [command]/usr/bin/git version
2026-08-11T06:53:03.1659676Z git version 2.54.0
2026-08-11T06:53:03.1680134Z ##[endgroup]
2026-08-11T06:53:03.1694334Z Temporarily overriding HOME='/home/runner/work/_temp/bce8e4ae-ea13-4f7d-ba6e-78e483ae8e9f' before making global git config changes
2026-08-11T06:53:03.1696071Z Adding repository directory to the temporary git global config as a safe directory
2026-08-11T06:53:03.1699964Z [command]/usr/bin/git config --global --add safe.directory /home/runner/work/bucker-agent/bucker-agent
2026-08-11T06:53:03.1749655Z Deleting the contents of '/home/runner/work/bucker-agent/bucker-agent'
2026-08-11T06:53:03.1754128Z ##[group]Initializing the repository
2026-08-11T06:53:03.1758777Z [command]/usr/bin/git init /home/runner/work/bucker-agent/bucker-agent
2026-08-11T06:53:03.1851177Z hint: Using 'master' as the name for the initial branch. This default branch name
2026-08-11T06:53:03.1852303Z hint: will change to "main" in Git 3.0. To configure the initial branch name
2026-08-11T06:53:03.1853519Z hint: to use in all of your new repositories, which will suppress this warning,
2026-08-11T06:53:03.1854205Z hint: call:
2026-08-11T06:53:03.1854528Z hint:
2026-08-11T06:53:03.1854995Z hint: 	git config --global init.defaultBranch <name>
2026-08-11T06:53:03.1855537Z hint:
2026-08-11T06:53:03.1856072Z hint: Names commonly chosen instead of 'master' are 'main', 'trunk' and
2026-08-11T06:53:03.1856979Z hint: 'development'. The just-created branch can be renamed via this command:
2026-08-11T06:53:03.1857666Z hint:
2026-08-11T06:53:03.1858034Z hint: 	git branch -m <name>
2026-08-11T06:53:03.1858717Z hint:
2026-08-11T06:53:03.1859317Z hint: Disable this message with "git config set advice.defaultBranchName false"
2026-08-11T06:53:03.1860355Z Initialized empty Git repository in /home/runner/work/bucker-agent/bucker-agent/.git/
2026-08-11T06:53:03.1868155Z [command]/usr/bin/git remote add origin https://github.com/abiralpokhrel-learns/bucker-agent
2026-08-11T06:53:03.1908809Z ##[endgroup]
2026-08-11T06:53:03.1909489Z ##[group]Disabling automatic garbage collection
2026-08-11T06:53:03.1913481Z [command]/usr/bin/git config --local gc.auto 0
2026-08-11T06:53:03.1941203Z ##[endgroup]
2026-08-11T06:53:03.1942082Z ##[group]Setting up auth
2026-08-11T06:53:03.1948964Z [command]/usr/bin/git config --local --name-only --get-regexp core\.sshCommand
2026-08-11T06:53:03.1979853Z [command]/usr/bin/git submodule foreach --recursive sh -c "git config --local --name-only --get-regexp 'core\.sshCommand' && git config --local --unset-all 'core.sshCommand' || :"
2026-08-11T06:53:03.2312251Z [command]/usr/bin/git config --local --name-only --get-regexp http\.https\:\/\/github\.com\/\.extraheader
2026-08-11T06:53:03.2344023Z [command]/usr/bin/git submodule foreach --recursive sh -c "git config --local --name-only --get-regexp 'http\.https\:\/\/github\.com\/\.extraheader' && git config --local --unset-all 'http.https://github.com/.extraheader' || :"
2026-08-11T06:53:03.2563544Z [command]/usr/bin/git config --local --name-only --get-regexp ^includeIf\.gitdir:
2026-08-11T06:53:03.2598018Z [command]/usr/bin/git submodule foreach --recursive git config --local --show-origin --name-only --get-regexp remote.origin.url
2026-08-11T06:53:03.2779073Z [command]/usr/bin/git config --local http.https://github.com/.extraheader AUTHORIZATION: basic ***
2026-08-11T06:53:03.2811083Z ##[endgroup]
2026-08-11T06:53:03.2811590Z ##[group]Fetching the repository
2026-08-11T06:53:03.2820933Z [command]/usr/bin/git -c protocol.version=2 fetch --no-tags --prune --no-recurse-submodules --depth=1 origin +2b46b5c8e6cac622a9d839595d49be9cb66e2b58:refs/remotes/origin/main
2026-08-11T06:53:04.1782352Z From https://github.com/abiralpokhrel-learns/bucker-agent
2026-08-11T06:53:04.1783220Z  * [new ref]         2b46b5c8e6cac622a9d839595d49be9cb66e2b58 -> origin/main
2026-08-11T06:53:04.1813212Z ##[endgroup]
2026-08-11T06:53:04.1813829Z ##[group]Determining the checkout info
2026-08-11T06:53:04.1816508Z ##[endgroup]
2026-08-11T06:53:04.1822739Z [command]/usr/bin/git sparse-checkout disable
2026-08-11T06:53:04.1867823Z [command]/usr/bin/git config --local --unset-all extensions.worktreeConfig
2026-08-11T06:53:04.1893216Z ##[group]Checking out the ref
2026-08-11T06:53:04.1905559Z [command]/usr/bin/git checkout --progress --force -B main refs/remotes/origin/main
2026-08-11T06:53:04.2057116Z Switched to a new branch 'main'
2026-08-11T06:53:04.2057678Z branch 'main' set up to track 'origin/main'.
2026-08-11T06:53:04.2064529Z ##[endgroup]
2026-08-11T06:53:04.2100357Z [command]/usr/bin/git log -1 --format=%H
2026-08-11T06:53:04.2124432Z 2b46b5c8e6cac622a9d839595d49be9cb66e2b58
2026-08-11T06:53:04.2318784Z Node 20 is being deprecated. This workflow is running with Node 24 by default. If you need to temporarily use Node 20, you can set the ACTIONS_ALLOW_USE_UNSECURE_NODE_VERSION=true environment variable. For more information see: https://github.blog/changelog/2025-09-19-deprecation-of-node-20-on-github-actions-runners/
2026-08-11T06:53:04.2320471Z ##[group]Run astral-sh/setup-uv@v3
2026-08-11T06:53:04.2320716Z with:
2026-08-11T06:53:04.2320902Z   version: latest
2026-08-11T06:53:04.2323261Z   github-token: ***
2026-08-11T06:53:04.2323457Z   enable-cache: false
2026-08-11T06:53:04.2323679Z   cache-dependency-glob: **/uv.lock
2026-08-11T06:53:04.2323924Z   prune-cache: true
2026-08-11T06:53:04.2324126Z ##[endgroup]
2026-08-11T06:53:04.3646689Z Downloading uv from "https://github.com/astral-sh/uv/releases/latest/download/uv-x86_64-unknown-linux-gnu.tar.gz" ...
2026-08-11T06:53:04.3656808Z (node:2612) [DEP0040] DeprecationWarning: The `punycode` module is deprecated. Please use a userland alternative instead.
2026-08-11T06:53:04.3657581Z (Use `node --trace-deprecation ...` to show where the warning was created)
2026-08-11T06:53:04.8971336Z [command]/usr/bin/tar xz --warning=no-unknown-keyword --overwrite -C /home/runner/work/_temp/dc0ae604-abec-4b72-a1c0-a95541d36b12 -f /home/runner/work/_temp/85fd3a32-faca-49ad-9c62-4ac057d094d2
2026-08-11T06:53:05.3227969Z Added /opt/hostedtoolcache/uv/0.12.3/x86_64 to the path
2026-08-11T06:53:05.3229099Z Added /home/runner/.local/bin to the path
2026-08-11T06:53:05.3233616Z Successfully installed uv version 0.12.3
2026-08-11T06:53:05.3253606Z Set UV_CACHE_DIR to /home/runner/work/_temp/setup-uv-cache
2026-08-11T06:53:05.3341062Z ##[group]Run uv python install 3.12
2026-08-11T06:53:05.3341449Z [36;1muv python install 3.12[0m
2026-08-11T06:53:05.3375487Z shell: /usr/bin/bash -e {0}
2026-08-11T06:53:05.3375741Z env:
2026-08-11T06:53:05.3375976Z   UV_CACHE_DIR: /home/runner/work/_temp/setup-uv-cache
2026-08-11T06:53:05.3376271Z ##[endgroup]
2026-08-11T06:53:05.4960241Z Downloading cpython-3.12.13-linux-x86_64-gnu (download) (32.6MiB)
2026-08-11T06:53:06.2287085Z  Downloaded cpython-3.12.13-linux-x86_64-gnu (download)
2026-08-11T06:53:06.2322934Z Installed Python 3.12.13 in 880ms
2026-08-11T06:53:06.2323472Z  + cpython-3.12.13-linux-x86_64-gnu (python3.12)
2026-08-11T06:53:06.2367823Z ##[group]Run uv sync --extra dev
2026-08-11T06:53:06.2368143Z [36;1muv sync --extra dev[0m
2026-08-11T06:53:06.2394219Z shell: /usr/bin/bash -e {0}
2026-08-11T06:53:06.2394466Z env:
2026-08-11T06:53:06.2394709Z   UV_CACHE_DIR: /home/runner/work/_temp/setup-uv-cache
2026-08-11T06:53:06.2395003Z ##[endgroup]
2026-08-11T06:53:06.3853839Z Using CPython 3.12.13
2026-08-11T06:53:06.3854297Z Creating virtual environment at: .venv
2026-08-11T06:53:06.3916964Z Resolved 121 packages in 0.91ms
2026-08-11T06:53:06.4069604Z    Building bucker-agent @ file:///home/runner/work/bucker-agent/bucker-agent
2026-08-11T06:53:06.5030957Z Downloading pydantic-core (2.0MiB)
2026-08-11T06:53:06.5031538Z Downloading ruff (10.9MiB)
2026-08-11T06:53:06.5032794Z Downloading aiohttp (1.7MiB)
2026-08-11T06:53:06.5035525Z Downloading pygments (1.2MiB)
2026-08-11T06:53:06.5043164Z Downloading pyarrow (47.8MiB)
2026-08-11T06:53:06.5055857Z Downloading virtualenv (5.2MiB)
2026-08-11T06:53:06.5059669Z Downloading numpy (15.9MiB)
2026-08-11T06:53:06.5064625Z Downloading hf-xet (4.2MiB)
2026-08-11T06:53:06.5072434Z Downloading pandas (10.5MiB)
2026-08-11T06:53:06.5076650Z Downloading asyncpg (3.4MiB)
2026-08-11T06:53:06.5086078Z Downloading temporalio (14.1MiB)
2026-08-11T06:53:07.1710226Z  Downloaded pydantic-core
2026-08-11T06:53:07.2460888Z  Downloaded aiohttp
2026-08-11T06:53:07.3077719Z  Downloaded asyncpg
2026-08-11T06:53:07.3306086Z  Downloaded hf-xet
2026-08-11T06:53:07.3806699Z  Downloaded virtualenv
2026-08-11T06:53:07.5374952Z  Downloaded pygments
2026-08-11T06:53:07.5758148Z  Downloaded ruff
2026-08-11T06:53:07.9980703Z       Built bucker-agent @ file:///home/runner/work/bucker-agent/bucker-agent
2026-08-11T06:53:08.1554229Z  Downloaded numpy
2026-08-11T06:53:08.2418793Z  Downloaded temporalio
2026-08-11T06:53:08.2848033Z  Downloaded pandas
2026-08-11T06:53:08.3054354Z  Downloaded pyarrow
2026-08-11T06:53:08.3056359Z Prepared 95 packages in 1.91s
2026-08-11T06:53:08.3775281Z Installed 95 packages in 71ms
2026-08-11T06:53:08.3776004Z  + aiohappyeyeballs==2.7.1
2026-08-11T06:53:08.3776476Z  + aiohttp==3.14.3
2026-08-11T06:53:08.3776755Z  + aiosignal==1.4.0
2026-08-11T06:53:08.3777027Z  + annotated-doc==0.0.5
2026-08-11T06:53:08.3777307Z  + annotated-types==0.8.0
2026-08-11T06:53:08.3777552Z  + anyio==4.14.2
2026-08-11T06:53:08.3777792Z  + asyncpg==0.31.0
2026-08-11T06:53:08.3777992Z  + attrs==26.1.0
2026-08-11T06:53:08.3778409Z  + beautifulsoup4==4.15.0
2026-08-11T06:53:08.3779016Z  + bucker-agent==0.1.0 (from file:///home/runner/work/bucker-agent/bucker-agent)
2026-08-11T06:53:08.3779501Z  + cbor2==6.1.4
2026-08-11T06:53:08.3779689Z  + certifi==2026.7.22
2026-08-11T06:53:08.3779888Z  + cfgv==3.5.0
2026-08-11T06:53:08.3780065Z  + chardet==7.4.3
2026-08-11T06:53:08.3788937Z  + charset-normalizer==3.4.9
2026-08-11T06:53:08.3789376Z  + click==8.4.2
2026-08-11T06:53:08.3789727Z  + datasets==5.0.1
2026-08-11T06:53:08.3790067Z  + dill==0.4.1
2026-08-11T06:53:08.3790398Z  + distlib==0.4.3
2026-08-11T06:53:08.3790765Z  + docker==7.2.0
2026-08-11T06:53:08.3791124Z  + fastapi==0.140.13
2026-08-11T06:53:08.3791510Z  + fastcore==2.1.17
2026-08-11T06:53:08.3791812Z  + fastspec==0.1.4
2026-08-11T06:53:08.3792021Z  + filelock==3.32.0
2026-08-11T06:53:08.3792216Z  + frozenlist==1.8.0
2026-08-11T06:53:08.3792411Z  + fsspec==2026.6.0
2026-08-11T06:53:08.3792607Z  + ghapi==2.0.5
2026-08-11T06:53:08.3792806Z  + gitdb==4.0.12
2026-08-11T06:53:08.3793000Z  + gitpython==3.1.57
2026-08-11T06:53:08.3793195Z  + grpclib==0.4.9
2026-08-11T06:53:08.3793382Z  + h11==0.16.0
2026-08-11T06:53:08.3793563Z  + h2==4.4.0
2026-08-11T06:53:08.3793748Z  + hf-xet==1.5.2
2026-08-11T06:53:08.3793931Z  + hpack==4.2.0
2026-08-11T06:53:08.3794118Z  + httpcore==1.0.9
2026-08-11T06:53:08.3794310Z  + httpx==0.28.1
2026-08-11T06:53:08.3794521Z  + huggingface-hub==1.25.1
2026-08-11T06:53:08.3794748Z  + hyperframe==6.1.0
2026-08-11T06:53:08.3794951Z  + identify==2.6.19
2026-08-11T06:53:08.3795138Z  + idna==3.18
2026-08-11T06:53:08.3795326Z  + iniconfig==2.3.0
2026-08-11T06:53:08.3795807Z  + jsonschema==4.26.0
2026-08-11T06:53:08.3796055Z  + jsonschema-specifications==2025.9.1
2026-08-11T06:53:08.3796324Z  + markdown-it-py==4.2.0
2026-08-11T06:53:08.3796532Z  + mdurl==0.1.2
2026-08-11T06:53:08.3796710Z  + modal==1.5.3
2026-08-11T06:53:08.3796890Z  + multidict==6.7.1
2026-08-11T06:53:08.3797083Z  + multiprocess==0.70.19
2026-08-11T06:53:08.3797291Z  + nexus-rpc==1.4.0
2026-08-11T06:53:08.3797477Z  + nodeenv==1.10.0
2026-08-11T06:53:08.3797658Z  + numpy==2.5.1
2026-08-11T06:53:08.3797837Z  + packaging==26.2
2026-08-11T06:53:08.3798026Z  + pandas==3.0.5
2026-08-11T06:53:08.3798364Z  + platformdirs==4.11.0
2026-08-11T06:53:08.3798591Z  + pluggy==1.6.0
2026-08-11T06:53:08.3798860Z  + pre-commit==4.6.1
2026-08-11T06:53:08.3799170Z  + propcache==0.5.2
2026-08-11T06:53:08.3799507Z  + protobuf==6.33.6
2026-08-11T06:53:08.3799848Z  + pyarrow==25.0.0
2026-08-11T06:53:08.3800174Z  + pydantic==2.13.4
2026-08-11T06:53:08.3800568Z  + pydantic-core==2.46.4
2026-08-11T06:53:08.3800951Z  + pygments==2.20.0
2026-08-11T06:53:08.3801270Z  + pytest==9.1.1
2026-08-11T06:53:08.3801472Z  + pytest-asyncio==1.4.0
2026-08-11T06:53:08.3801687Z  + python-dateutil==2.9.0.post0
2026-08-11T06:53:08.3801925Z  + python-discovery==1.5.1
2026-08-11T06:53:08.3802141Z  + python-dotenv==1.2.2
2026-08-11T06:53:08.3802339Z  + pyyaml==6.0.3
2026-08-11T06:53:08.3802523Z  + referencing==0.37.0
2026-08-11T06:53:08.3802721Z  + requests==2.34.2
2026-08-11T06:53:08.3802898Z  + rich==15.0.0
2026-08-11T06:53:08.3803077Z  + rpds-py==2026.6.3
2026-08-11T06:53:08.3803257Z  + ruff==0.16.0
2026-08-11T06:53:08.3803429Z  + six==1.17.0
2026-08-11T06:53:08.3803602Z  + smmap==5.0.3
2026-08-11T06:53:08.3803778Z  + soupsieve==2.9.1
2026-08-11T06:53:08.3803958Z  + starlette==1.3.1
2026-08-11T06:53:08.3804141Z  + swebench==4.1.0
2026-08-11T06:53:08.3804324Z  + synchronicity==0.12.5
2026-08-11T06:53:08.3804525Z  + temporalio==1.30.0
2026-08-11T06:53:08.3804717Z  + tenacity==9.1.4
2026-08-11T06:53:08.3804910Z  + toml==0.10.2
2026-08-11T06:53:08.3805087Z  + tqdm==4.70.0
2026-08-11T06:53:08.3805398Z  + types-certifi==2021.10.8.3
2026-08-11T06:53:08.3805640Z  + types-protobuf==7.34.1.20260518
2026-08-11T06:53:08.3805886Z  + types-toml==0.10.8.20260518
2026-08-11T06:53:08.3806118Z  + typing-extensions==4.16.0
2026-08-11T06:53:08.3806369Z  + typing-inspection==0.4.2
2026-08-11T06:53:08.3806582Z  + unidiff==1.0.0
2026-08-11T06:53:08.3806771Z  + urllib3==2.7.0
2026-08-11T06:53:08.3806960Z  + uvicorn==0.51.0
2026-08-11T06:53:08.3807151Z  + virtualenv==21.7.1
2026-08-11T06:53:08.3807345Z  + watchfiles==1.2.0
2026-08-11T06:53:08.3807571Z  + xxhash==3.8.1
2026-08-11T06:53:08.3807743Z  + yarl==1.24.5
2026-08-11T06:53:08.3894450Z ##[group]Run uv run ruff check .
2026-08-11T06:53:08.3894922Z [36;1muv run ruff check .[0m
2026-08-11T06:53:08.3935431Z shell: /usr/bin/bash -e {0}
2026-08-11T06:53:08.3935815Z env:
2026-08-11T06:53:08.3936193Z   UV_CACHE_DIR: /home/runner/work/_temp/setup-uv-cache
2026-08-11T06:53:08.3936725Z ##[endgroup]
2026-08-11T06:53:08.4808868Z All checks passed!
2026-08-11T06:53:08.4850132Z ##[group]Run if grep -rInE '"(gpt-[0-9a-z.-]+|claude-[0-9a-z.-]+|o[1-9]-[a-z]+)"' \
2026-08-11T06:53:08.4850692Z [36;1mif grep -rInE '"(gpt-[0-9a-z.-]+|claude-[0-9a-z.-]+|o[1-9]-[a-z]+)"' \[0m
2026-08-11T06:53:08.4851124Z [36;1m     --include='*.py' bucker/ | grep -v 'config.py'; then[0m
2026-08-11T06:53:08.4851512Z [36;1m  echo "::error::hardcoded model name outside config.py"[0m
2026-08-11T06:53:08.4851818Z [36;1m  exit 1[0m
2026-08-11T06:53:08.4852055Z [36;1mfi[0m
2026-08-11T06:53:08.4852327Z [36;1mecho "ok - no hardcoded model names"[0m
2026-08-11T06:53:08.4878559Z shell: /usr/bin/bash -e {0}
2026-08-11T06:53:08.4878814Z env:
2026-08-11T06:53:08.4879071Z   UV_CACHE_DIR: /home/runner/work/_temp/setup-uv-cache
2026-08-11T06:53:08.4879376Z ##[endgroup]
2026-08-11T06:53:08.4956481Z ok - no hardcoded model names
2026-08-11T06:53:08.4992899Z ##[group]Run docker build -t bucker-sandbox:latest -f Dockerfile.sandbox .
2026-08-11T06:53:08.4993769Z [36;1mdocker build -t bucker-sandbox:latest -f Dockerfile.sandbox .[0m
2026-08-11T06:53:08.5034521Z shell: /usr/bin/bash -e {0}
2026-08-11T06:53:08.5034943Z env:
2026-08-11T06:53:08.5035348Z   UV_CACHE_DIR: /home/runner/work/_temp/setup-uv-cache
2026-08-11T06:53:08.5035869Z ##[endgroup]
2026-08-11T06:53:11.8782978Z #0 building with "default" instance using docker driver
2026-08-11T06:53:11.8783456Z 
2026-08-11T06:53:11.8783750Z #1 [internal] load build definition from Dockerfile.sandbox
2026-08-11T06:53:11.8784621Z #1 transferring dockerfile: 1.97kB 0.0s done
2026-08-11T06:53:11.8785107Z #1 DONE 0.0s
2026-08-11T06:53:11.8785305Z 
2026-08-11T06:53:11.8785595Z #2 [auth] library/python:pull token for registry-1.docker.io
2026-08-11T06:53:12.0293303Z #2 DONE 0.0s
2026-08-11T06:53:12.0293506Z 
2026-08-11T06:53:12.0294146Z #3 [internal] load metadata for docker.io/library/python:3.12-slim@sha256:57cd7c3a7a273101a6485ba99423ee568157882804b1124b4dd04266317710de
2026-08-11T06:53:12.4805290Z #3 DONE 0.7s
2026-08-11T06:53:12.6171281Z 
2026-08-11T06:53:12.6171942Z #4 [internal] load .dockerignore
2026-08-11T06:53:12.6172422Z #4 transferring context: 2B done
2026-08-11T06:53:12.6172665Z #4 DONE 0.0s
2026-08-11T06:53:12.6172776Z 
2026-08-11T06:53:12.6173135Z #5 [1/6] FROM docker.io/library/python:3.12-slim@sha256:57cd7c3a7a273101a6485ba99423ee568157882804b1124b4dd04266317710de
2026-08-11T06:53:12.6173886Z #5 resolve docker.io/library/python:3.12-slim@sha256:57cd7c3a7a273101a6485ba99423ee568157882804b1124b4dd04266317710de done
2026-08-11T06:53:12.6174564Z #5 sha256:57cd7c3a7a273101a6485ba99423ee568157882804b1124b4dd04266317710de 10.37kB / 10.37kB done
2026-08-11T06:53:12.6175169Z #5 sha256:cab2dbf575e971934a81e4622f5aba17aa7929719bd7e31033a3a83b97fd0464 1.75kB / 1.75kB done
2026-08-11T06:53:12.6175789Z #5 sha256:25c5b8011a3425a140bf5fa73be0feabd3c0d5b323eecb19dc02437a368ae075 5.66kB / 5.66kB done
2026-08-11T06:53:12.6176381Z #5 sha256:062e450697faa5f02a3a74eba9864ee4d79bc9cfbd65769fc6cdff2c05c6a053 0B / 29.78MB 0.1s
2026-08-11T06:53:12.6176951Z #5 sha256:98db2485a0d07a8914586b02387e3813aa7e9fed79ab252898d3e96e21c717ea 0B / 1.29MB 0.1s
2026-08-11T06:53:12.6177808Z #5 sha256:48347b15c85fd6dde9c5b0259f378fbaee3ce231b30a42f2f2bcc4ea0285cbc9 0B / 12.11MB 0.1s
2026-08-11T06:53:13.0181410Z #5 sha256:062e450697faa5f02a3a74eba9864ee4d79bc9cfbd65769fc6cdff2c05c6a053 11.53MB / 29.78MB 0.5s
2026-08-11T06:53:13.0182608Z #5 sha256:98db2485a0d07a8914586b02387e3813aa7e9fed79ab252898d3e96e21c717ea 1.29MB / 1.29MB 0.4s done
2026-08-11T06:53:13.0184047Z #5 sha256:48347b15c85fd6dde9c5b0259f378fbaee3ce231b30a42f2f2bcc4ea0285cbc9 1.05MB / 12.11MB 0.5s
2026-08-11T06:53:13.0185130Z #5 sha256:fd079632edc0ab4e9d10c77ec348d5057a976e6fc508e93855548096dec2ae1e 250B / 250B 0.5s
2026-08-11T06:53:13.1307847Z #5 sha256:062e450697faa5f02a3a74eba9864ee4d79bc9cfbd65769fc6cdff2c05c6a053 29.78MB / 29.78MB 0.6s done
2026-08-11T06:53:13.1309148Z #5 sha256:48347b15c85fd6dde9c5b0259f378fbaee3ce231b30a42f2f2bcc4ea0285cbc9 2.10MB / 12.11MB 0.6s
2026-08-11T06:53:13.1310295Z #5 sha256:fd079632edc0ab4e9d10c77ec348d5057a976e6fc508e93855548096dec2ae1e 250B / 250B 0.5s done
2026-08-11T06:53:13.1311305Z #5 extracting sha256:062e450697faa5f02a3a74eba9864ee4d79bc9cfbd65769fc6cdff2c05c6a053
2026-08-11T06:53:13.2321834Z #5 sha256:48347b15c85fd6dde9c5b0259f378fbaee3ce231b30a42f2f2bcc4ea0285cbc9 7.34MB / 12.11MB 0.7s
2026-08-11T06:53:13.3341546Z #5 sha256:48347b15c85fd6dde9c5b0259f378fbaee3ce231b30a42f2f2bcc4ea0285cbc9 12.11MB / 12.11MB 0.8s done
2026-08-11T06:53:13.8700403Z #5 extracting sha256:062e450697faa5f02a3a74eba9864ee4d79bc9cfbd65769fc6cdff2c05c6a053 0.7s done
2026-08-11T06:53:14.1132763Z #5 extracting sha256:98db2485a0d07a8914586b02387e3813aa7e9fed79ab252898d3e96e21c717ea 0.1s done
2026-08-11T06:53:15.5703815Z #5 extracting sha256:48347b15c85fd6dde9c5b0259f378fbaee3ce231b30a42f2f2bcc4ea0285cbc9
2026-08-11T06:53:16.2069086Z #5 extracting sha256:48347b15c85fd6dde9c5b0259f378fbaee3ce231b30a42f2f2bcc4ea0285cbc9 0.4s done
2026-08-11T06:53:16.2069823Z #5 extracting sha256:fd079632edc0ab4e9d10c77ec348d5057a976e6fc508e93855548096dec2ae1e done
2026-08-11T06:53:16.2070258Z #5 DONE 3.5s
2026-08-11T06:53:16.2070378Z 
2026-08-11T06:53:16.2070648Z #6 [2/6] RUN pip install --no-cache-dir         pytest==8.3.4         ruff==0.8.4     && rm -rf /root/.cache
2026-08-11T06:53:17.5160429Z #6 1.460 Collecting pytest==8.3.4
2026-08-11T06:53:17.7133551Z #6 1.507   Downloading pytest-8.3.4-py3-none-any.whl.metadata (7.5 kB)
2026-08-11T06:53:17.8975903Z #6 1.841 Collecting ruff==0.8.4
2026-08-11T06:53:18.0011454Z #6 1.855   Downloading ruff-0.8.4-py3-none-manylinux_2_17_x86_64.manylinux2014_x86_64.whl.metadata (25 kB)
2026-08-11T06:53:18.0012699Z #6 1.877 Collecting iniconfig (from pytest==8.3.4)
2026-08-11T06:53:18.0013578Z #6 1.890   Downloading iniconfig-2.3.0-py3-none-any.whl.metadata (2.5 kB)
2026-08-11T06:53:18.0014517Z #6 1.912 Collecting packaging (from pytest==8.3.4)
2026-08-11T06:53:18.0015417Z #6 1.925   Downloading packaging-26.3-py3-none-any.whl.metadata (3.5 kB)
2026-08-11T06:53:18.0016270Z #6 1.945 Collecting pluggy<2,>=1.5 (from pytest==8.3.4)
2026-08-11T06:53:18.1780693Z #6 1.957   Downloading pluggy-1.6.0-py3-none-any.whl.metadata (4.8 kB)
2026-08-11T06:53:18.1781569Z #6 1.973 Downloading pytest-8.3.4-py3-none-any.whl (343 kB)
2026-08-11T06:53:18.1782360Z #6 2.023 Downloading ruff-0.8.4-py3-none-manylinux_2_17_x86_64.manylinux2014_x86_64.whl (11.2 MB)
2026-08-11T06:53:18.3931391Z #6 2.122    ━━━━━━━━━━━━━━━━━━━━━━━━━━━━━━━━━━━━━━━━ 11.2/11.2 MB 128.5 MB/s eta 0:00:00
2026-08-11T06:53:18.3932308Z #6 2.134 Downloading pluggy-1.6.0-py3-none-any.whl (20 kB)
2026-08-11T06:53:18.3933029Z #6 2.147 Downloading iniconfig-2.3.0-py3-none-any.whl (7.5 kB)
2026-08-11T06:53:18.3933492Z #6 2.160 Downloading packaging-26.3-py3-none-any.whl (129 kB)
2026-08-11T06:53:18.3934023Z #6 2.186 Installing collected packages: ruff, pluggy, packaging, iniconfig, pytest
2026-08-11T06:53:18.6609404Z #6 2.604 Successfully installed iniconfig-2.3.0 packaging-26.3 pluggy-1.6.0 pytest-8.3.4 ruff-0.8.4
2026-08-11T06:53:18.8525526Z #6 2.606 WARNING: Running pip as the 'root' user can result in broken permissions and conflicting behaviour with the system package manager, possibly rendering your system unusable. It is recommended to use a virtual environment instead: https://pip.pypa.io/warnings/venv. Use the --root-user-action option if you know what you are doing and want to suppress this warning.
2026-08-11T06:53:18.8529979Z #6 2.696 
2026-08-11T06:53:18.8531679Z #6 2.696 [notice] A new release of pip is available: 25.0.1 -> 26.2.1
2026-08-11T06:53:18.8533106Z #6 2.696 [notice] To update, run: pip install --upgrade pip
2026-08-11T06:53:18.8533867Z #6 DONE 2.8s
2026-08-11T06:53:19.0037730Z 
2026-08-11T06:53:19.0038935Z #7 [3/6] RUN apt-get update     && apt-get install -y --no-install-recommends git patch     && rm -rf /var/lib/apt/lists/*
2026-08-11T06:53:19.1548480Z #7 0.302 Hit:1 http://deb.debian.org/debian trixie InRelease
2026-08-11T06:53:19.3034191Z #7 0.305 Get:2 http://deb.debian.org/debian trixie-updates InRelease [47.3 kB]
2026-08-11T06:53:19.3034939Z #7 0.321 Get:3 http://deb.debian.org/debian-security trixie-security InRelease [43.4 kB]
2026-08-11T06:53:19.3035477Z #7 0.334 Get:4 http://deb.debian.org/debian trixie/main amd64 Packages [9673 kB]
2026-08-11T06:53:19.3035962Z #7 0.450 Get:5 http://deb.debian.org/debian trixie-updates/main amd64 Packages [4412 B]
2026-08-11T06:53:19.4642465Z #7 0.461 Get:6 http://deb.debian.org/debian-security trixie-security/main amd64 Packages [237 kB]
2026-08-11T06:53:19.9832666Z #7 1.130 Fetched 10.0 MB in 1s (10.8 MB/s)
2026-08-11T06:53:20.4949516Z #7 1.130 Reading package lists...
2026-08-11T06:53:21.0154541Z #7 1.658 Reading package lists...
2026-08-11T06:53:21.1458866Z #7 2.172 Building dependency tree...
2026-08-11T06:53:21.1459423Z #7 2.293 Reading state information...
2026-08-11T06:53:21.2835583Z #7 2.430 The following additional packages will be installed:
2026-08-11T06:53:21.2836317Z #7 2.430   git-man libbrotli1 libcom-err2 libcurl3t64-gnutls liberror-perl libexpat1
2026-08-11T06:53:21.4362354Z #7 2.430   libgdbm-compat4t64 libgnutls30t64 libgssapi-krb5-2 libidn2-0 libk5crypto3
2026-08-11T06:53:21.4363688Z #7 2.431   libkeyutils1 libkrb5-3 libkrb5support0 libldap2 libnghttp2-14 libnghttp3-9
2026-08-11T06:53:21.4364833Z #7 2.431   libngtcp2-16 libngtcp2-crypto-gnutls8 libp11-kit0 libperl5.40 libpsl5t64
2026-08-11T06:53:21.4365874Z #7 2.431   librtmp1 libsasl2-2 libsasl2-modules-db libssh2-1t64 libtasn1-6
2026-08-11T06:53:21.4366549Z #7 2.432   libunistring5 perl perl-modules-5.40
2026-08-11T06:53:21.4366891Z #7 2.433 Suggested packages:
2026-08-11T06:53:21.4367313Z #7 2.433   gettext-base git-doc git-email git-gui gitk gitweb git-cvs git-mediawiki
2026-08-11T06:53:21.4367893Z #7 2.433   git-svn gnutls-bin krb5-doc krb5-user sensible-utils ed diffutils-doc
2026-08-11T06:53:21.4368762Z #7 2.433   perl-doc libterm-readline-gnu-perl | libterm-readline-perl-perl make
2026-08-11T06:53:21.4369243Z #7 2.433   libtap-harness-archive-perl
2026-08-11T06:53:21.4369557Z #7 2.433 Recommended packages:
2026-08-11T06:53:21.4369986Z #7 2.433   less ssh-client krb5-locales libldap-common publicsuffix libsasl2-modules
2026-08-11T06:53:21.4634852Z #7 2.610 The following NEW packages will be installed:
2026-08-11T06:53:21.4635695Z #7 2.610   git git-man libbrotli1 libcom-err2 libcurl3t64-gnutls liberror-perl
2026-08-11T06:53:21.4636911Z #7 2.610   libexpat1 libgdbm-compat4t64 libgnutls30t64 libgssapi-krb5-2 libidn2-0
2026-08-11T06:53:21.6323021Z #7 2.610   libk5crypto3 libkeyutils1 libkrb5-3 libkrb5support0 libldap2 libnghttp2-14
2026-08-11T06:53:21.6324374Z #7 2.610   libnghttp3-9 libngtcp2-16 libngtcp2-crypto-gnutls8 libp11-kit0 libperl5.40
2026-08-11T06:53:21.6325552Z #7 2.611   libpsl5t64 librtmp1 libsasl2-2 libsasl2-modules-db libssh2-1t64 libtasn1-6
2026-08-11T06:53:21.6326488Z #7 2.611   libunistring5 patch perl perl-modules-5.40
2026-08-11T06:53:21.6327262Z #7 2.667 0 upgraded, 32 newly installed, 0 to remove and 0 not upgraded.
2026-08-11T06:53:21.6327691Z #7 2.667 Need to get 23.8 MB of archives.
2026-08-11T06:53:21.6328116Z #7 2.667 After this operation, 119 MB of additional disk space will be used.
2026-08-11T06:53:21.6329617Z #7 2.667 Get:1 http://deb.debian.org/debian-security trixie-security/main amd64 libexpat1 amd64 2.8.2-1~deb13u1 [122 kB]
2026-08-11T06:53:21.6330431Z #7 2.700 Get:2 http://deb.debian.org/debian trixie/main amd64 perl-modules-5.40 all 5.40.1-6 [3019 kB]
2026-08-11T06:53:21.6331156Z #7 2.779 Get:3 http://deb.debian.org/debian trixie/main amd64 libgdbm-compat4t64 amd64 1.24-2 [50.3 kB]
2026-08-11T06:53:21.6331844Z #7 2.779 Get:4 http://deb.debian.org/debian trixie/main amd64 libperl5.40 amd64 5.40.1-6 [4341 kB]
2026-08-11T06:53:21.7594184Z #7 2.821 Get:5 http://deb.debian.org/debian trixie/main amd64 perl amd64 5.40.1-6 [267 kB]
2026-08-11T06:53:21.7594856Z #7 2.822 Get:6 http://deb.debian.org/debian trixie/main amd64 libbrotli1 amd64 1.1.0-2+b7 [307 kB]
2026-08-11T06:53:21.7595433Z #7 2.824 Get:7 http://deb.debian.org/debian trixie/main amd64 libunistring5 amd64 1.3-2 [477 kB]
2026-08-11T06:53:21.7595981Z #7 2.825 Get:8 http://deb.debian.org/debian trixie/main amd64 libidn2-0 amd64 2.3.8-2 [109 kB]
2026-08-11T06:53:21.7596537Z #7 2.826 Get:9 http://deb.debian.org/debian trixie/main amd64 libp11-kit0 amd64 0.25.5-3 [425 kB]
2026-08-11T06:53:21.7597112Z #7 2.827 Get:10 http://deb.debian.org/debian trixie/main amd64 libtasn1-6 amd64 4.20.0-2+deb13u1 [50.1 kB]
2026-08-11T06:53:21.7597732Z #7 2.828 Get:11 http://deb.debian.org/debian trixie/main amd64 libgnutls30t64 amd64 3.8.9-3+deb13u4 [1469 kB]
2026-08-11T06:53:21.7598621Z #7 2.832 Get:12 http://deb.debian.org/debian trixie/main amd64 libkrb5support0 amd64 1.21.3-5+deb13u1 [33.1 kB]
2026-08-11T06:53:21.7599662Z #7 2.832 Get:13 http://deb.debian.org/debian trixie/main amd64 libcom-err2 amd64 1.47.2-3+b11 [25.0 kB]
2026-08-11T06:53:21.7600524Z #7 2.832 Get:14 http://deb.debian.org/debian trixie/main amd64 libk5crypto3 amd64 1.21.3-5+deb13u1 [81.2 kB]
2026-08-11T06:53:21.7601410Z #7 2.835 Get:15 http://deb.debian.org/debian trixie/main amd64 libkeyutils1 amd64 1.6.3-6 [9456 B]
2026-08-11T06:53:21.7602021Z #7 2.846 Get:16 http://deb.debian.org/debian trixie/main amd64 libkrb5-3 amd64 1.21.3-5+deb13u1 [326 kB]
2026-08-11T06:53:21.7602678Z #7 2.847 Get:17 http://deb.debian.org/debian trixie/main amd64 libgssapi-krb5-2 amd64 1.21.3-5+deb13u1 [138 kB]
2026-08-11T06:53:21.7603413Z #7 2.848 Get:18 http://deb.debian.org/debian trixie/main amd64 libsasl2-modules-db amd64 2.1.28+dfsg1-9 [19.8 kB]
2026-08-11T06:53:21.7604211Z #7 2.848 Get:19 http://deb.debian.org/debian trixie/main amd64 libsasl2-2 amd64 2.1.28+dfsg1-9 [57.5 kB]
2026-08-11T06:53:21.7604781Z #7 2.850 Get:20 http://deb.debian.org/debian trixie/main amd64 libldap2 amd64 2.6.10+dfsg-1 [194 kB]
2026-08-11T06:53:21.7605590Z #7 2.851 Get:21 http://deb.debian.org/debian trixie/main amd64 libnghttp2-14 amd64 1.64.0-1.1+deb13u1 [76.2 kB]
2026-08-11T06:53:21.7606184Z #7 2.851 Get:22 http://deb.debian.org/debian trixie/main amd64 libnghttp3-9 amd64 1.8.0-1 [67.7 kB]
2026-08-11T06:53:21.7606791Z #7 2.851 Get:23 http://deb.debian.org/debian trixie/main amd64 libngtcp2-16 amd64 1.11.0-1+deb13u1 [132 kB]
2026-08-11T06:53:21.7607445Z #7 2.851 Get:24 http://deb.debian.org/debian trixie/main amd64 libngtcp2-crypto-gnutls8 amd64 1.11.0-1+deb13u1 [29.5 kB]
2026-08-11T06:53:21.7608075Z #7 2.857 Get:25 http://deb.debian.org/debian trixie/main amd64 libpsl5t64 amd64 0.21.2-1.1+b1 [57.2 kB]
2026-08-11T06:53:21.7609068Z #7 2.868 Get:26 http://deb.debian.org/debian trixie/main amd64 librtmp1 amd64 2.4+20151223.gitfa8646d.1-2+b5 [58.8 kB]
2026-08-11T06:53:21.7609807Z #7 2.869 Get:27 http://deb.debian.org/debian trixie/main amd64 libssh2-1t64 amd64 1.11.1-1+deb13u1 [245 kB]
2026-08-11T06:53:21.7610417Z #7 2.870 Get:28 http://deb.debian.org/debian trixie/main amd64 libcurl3t64-gnutls amd64 8.14.1-2+deb13u4 [384 kB]
2026-08-11T06:53:21.7611015Z #7 2.871 Get:29 http://deb.debian.org/debian trixie/main amd64 liberror-perl all 0.17030-1 [26.9 kB]
2026-08-11T06:53:21.7611585Z #7 2.872 Get:30 http://deb.debian.org/debian trixie/main amd64 git-man all 1:2.47.3-0+deb13u1 [2205 kB]
2026-08-11T06:53:21.7612288Z #7 2.878 Get:31 http://deb.debian.org/debian trixie/main amd64 git amd64 1:2.47.3-0+deb13u1 [8862 kB]
2026-08-11T06:53:21.7612838Z #7 2.906 Get:32 http://deb.debian.org/debian trixie/main amd64 patch amd64 2.8-2 [134 kB]
2026-08-11T06:53:21.8619404Z #7 3.009 debconf: unable to initialize frontend: Dialog
2026-08-11T06:53:21.8620738Z #7 3.009 debconf: (TERM is not set, so the dialog frontend is not usable.)
2026-08-11T06:53:21.8621641Z #7 3.009 debconf: falling back to frontend: Readline
2026-08-11T06:53:22.0162244Z #7 3.009 debconf: unable to initialize frontend: Readline
2026-08-11T06:53:22.0165299Z #7 3.009 debconf: (Can't locate Term/ReadLine.pm in @INC (you may need to install the Term::ReadLine module) (@INC entries checked: /etc/perl /usr/local/lib/x86_64-linux-gnu/perl/5.40.1 /usr/local/share/perl/5.40.1 /usr/lib/x86_64-linux-gnu/perl5/5.40 /usr/share/perl5 /usr/lib/x86_64-linux-gnu/perl-base /usr/lib/x86_64-linux-gnu/perl/5.40 /usr/share/perl/5.40 /usr/local/lib/site_perl) at /usr/share/perl5/Debconf/FrontEnd/Readline.pm line 8, <STDIN> line 32.)
2026-08-11T06:53:22.0168021Z #7 3.009 debconf: falling back to frontend: Teletype
2026-08-11T06:53:22.0168830Z #7 3.013 debconf: unable to initialize frontend: Teletype
2026-08-11T06:53:22.0169467Z #7 3.013 debconf: (This frontend requires a controlling tty.)
2026-08-11T06:53:22.0170102Z #7 3.013 debconf: falling back to frontend: Noninteractive
2026-08-11T06:53:22.9214770Z #7 4.068 Fetched 23.8 MB in 0s (82.9 MB/s)
2026-08-11T06:53:23.1052239Z #7 4.079 Selecting previously unselected package libexpat1:amd64.
2026-08-11T06:53:23.1052976Z #7 4.079 (Reading database ... 
2026-08-11T06:53:23.1053429Z (Reading database ... 5%
2026-08-11T06:53:23.1053856Z (Reading database ... 10%
2026-08-11T06:53:23.1054266Z (Reading database ... 15%
2026-08-11T06:53:23.1054951Z (Reading database ... 20%
2026-08-11T06:53:23.1055361Z (Reading database ... 25%
2026-08-11T06:53:23.1055768Z (Reading database ... 30%
2026-08-11T06:53:23.1056176Z (Reading database ... 35%
2026-08-11T06:53:23.1056624Z (Reading database ... 40%
2026-08-11T06:53:23.1057027Z (Reading database ... 45%
2026-08-11T06:53:23.1057409Z (Reading database ... 50%
2026-08-11T06:53:23.1057834Z (Reading database ... 55%
2026-08-11T06:53:23.1058353Z (Reading database ... 60%
2026-08-11T06:53:23.1058738Z (Reading database ... 65%
2026-08-11T06:53:23.1059124Z (Reading database ... 70%
2026-08-11T06:53:23.1059519Z (Reading database ... 75%
2026-08-11T06:53:23.1059908Z (Reading database ... 80%
2026-08-11T06:53:23.1060289Z (Reading database ... 85%
2026-08-11T06:53:23.1060674Z (Reading database ... 90%
2026-08-11T06:53:23.1061061Z (Reading database ... 95%
2026-08-11T06:53:23.1061452Z (Reading database ... 100%
2026-08-11T06:53:23.1062024Z (Reading database ... 5645 files and directories currently installed.)
2026-08-11T06:53:23.1062857Z #7 4.082 Preparing to unpack .../00-libexpat1_2.8.2-1~deb13u1_amd64.deb ...
2026-08-11T06:53:23.1063571Z #7 4.084 Unpacking libexpat1:amd64 (2.8.2-1~deb13u1) ...
2026-08-11T06:53:23.1064276Z #7 4.100 Selecting previously unselected package perl-modules-5.40.
2026-08-11T06:53:23.1065213Z #7 4.101 Preparing to unpack .../01-perl-modules-5.40_5.40.1-6_all.deb ...
2026-08-11T06:53:23.1065905Z #7 4.102 Unpacking perl-modules-5.40 (5.40.1-6) ...
2026-08-11T06:53:23.1636197Z #7 4.311 Selecting previously unselected package libgdbm-compat4t64:amd64.
2026-08-11T06:53:23.3296264Z #7 4.312 Preparing to unpack .../02-libgdbm-compat4t64_1.24-2_amd64.deb ...
2026-08-11T06:53:23.3297041Z #7 4.313 Unpacking libgdbm-compat4t64:amd64 (1.24-2) ...
2026-08-11T06:53:23.3297840Z #7 4.324 Selecting previously unselected package libperl5.40:amd64.
2026-08-11T06:53:23.3298520Z #7 4.325 Preparing to unpack .../03-libperl5.40_5.40.1-6_amd64.deb ...
2026-08-11T06:53:23.3298920Z #7 4.326 Unpacking libperl5.40:amd64 (5.40.1-6) ...
2026-08-11T06:53:23.3835081Z #7 4.530 Selecting previously unselected package perl.
2026-08-11T06:53:23.4869748Z #7 4.532 Preparing to unpack .../04-perl_5.40.1-6_amd64.deb ...
2026-08-11T06:53:23.4870501Z #7 4.532 Unpacking perl (5.40.1-6) ...
2026-08-11T06:53:23.4870846Z #7 4.553 Selecting previously unselected package libbrotli1:amd64.
2026-08-11T06:53:23.4871290Z #7 4.554 Preparing to unpack .../05-libbrotli1_1.1.0-2+b7_amd64.deb ...
2026-08-11T06:53:23.4871661Z #7 4.555 Unpacking libbrotli1:amd64 (1.1.0-2+b7) ...
2026-08-11T06:53:23.4872032Z #7 4.580 Selecting previously unselected package libunistring5:amd64.
2026-08-11T06:53:23.4872638Z #7 4.581 Preparing to unpack .../06-libunistring5_1.3-2_amd64.deb ...
2026-08-11T06:53:23.4873152Z #7 4.582 Unpacking libunistring5:amd64 (1.3-2) ...
2026-08-11T06:53:23.4873645Z #7 4.616 Selecting previously unselected package libidn2-0:amd64.
2026-08-11T06:53:23.4874224Z #7 4.617 Preparing to unpack .../07-libidn2-0_2.3.8-2_amd64.deb ...
2026-08-11T06:53:23.4874928Z #7 4.617 Unpacking libidn2-0:amd64 (2.3.8-2) ...
2026-08-11T06:53:23.4875521Z #7 4.634 Selecting previously unselected package libp11-kit0:amd64.
2026-08-11T06:53:23.5870355Z #7 4.635 Preparing to unpack .../08-libp11-kit0_0.25.5-3_amd64.deb ...
2026-08-11T06:53:23.5871086Z #7 4.636 Unpacking libp11-kit0:amd64 (0.25.5-3) ...
2026-08-11T06:53:23.5871882Z #7 4.663 Selecting previously unselected package libtasn1-6:amd64.
2026-08-11T06:53:23.5872624Z #7 4.664 Preparing to unpack .../09-libtasn1-6_4.20.0-2+deb13u1_amd64.deb ...
2026-08-11T06:53:23.5873329Z #7 4.665 Unpacking libtasn1-6:amd64 (4.20.0-2+deb13u1) ...
2026-08-11T06:53:23.5873920Z #7 4.678 Selecting previously unselected package libgnutls30t64:amd64.
2026-08-11T06:53:23.5874365Z #7 4.679 Preparing to unpack .../10-libgnutls30t64_3.8.9-3+deb13u4_amd64.deb ...
2026-08-11T06:53:23.5874779Z #7 4.679 Unpacking libgnutls30t64:amd64 (3.8.9-3+deb13u4) ...
2026-08-11T06:53:23.5875354Z #7 4.732 Selecting previously unselected package libkrb5support0:amd64.
2026-08-11T06:53:23.5875809Z #7 4.733 Preparing to unpack .../11-libkrb5support0_1.21.3-5+deb13u1_amd64.deb ...
2026-08-11T06:53:23.5876227Z #7 4.734 Unpacking libkrb5support0:amd64 (1.21.3-5+deb13u1) ...
2026-08-11T06:53:23.6974892Z #7 4.746 Selecting previously unselected package libcom-err2:amd64.
2026-08-11T06:53:23.6975748Z #7 4.747 Preparing to unpack .../12-libcom-err2_1.47.2-3+b11_amd64.deb ...
2026-08-11T06:53:23.6976442Z #7 4.748 Unpacking libcom-err2:amd64 (1.47.2-3+b11) ...
2026-08-11T06:53:23.6976970Z #7 4.759 Selecting previously unselected package libk5crypto3:amd64.
2026-08-11T06:53:23.6977406Z #7 4.760 Preparing to unpack .../13-libk5crypto3_1.21.3-5+deb13u1_amd64.deb ...
2026-08-11T06:53:23.6977820Z #7 4.761 Unpacking libk5crypto3:amd64 (1.21.3-5+deb13u1) ...
2026-08-11T06:53:23.6978340Z #7 4.774 Selecting previously unselected package libkeyutils1:amd64.
2026-08-11T06:53:23.6978887Z #7 4.775 Preparing to unpack .../14-libkeyutils1_1.6.3-6_amd64.deb ...
2026-08-11T06:53:23.6979270Z #7 4.776 Unpacking libkeyutils1:amd64 (1.6.3-6) ...
2026-08-11T06:53:23.6979618Z #7 4.786 Selecting previously unselected package libkrb5-3:amd64.
2026-08-11T06:53:23.6980020Z #7 4.788 Preparing to unpack .../15-libkrb5-3_1.21.3-5+deb13u1_amd64.deb ...
2026-08-11T06:53:23.6980419Z #7 4.788 Unpacking libkrb5-3:amd64 (1.21.3-5+deb13u1) ...
2026-08-11T06:53:23.6980877Z #7 4.814 Selecting previously unselected package libgssapi-krb5-2:amd64.
2026-08-11T06:53:23.6981625Z #7 4.815 Preparing to unpack .../16-libgssapi-krb5-2_1.21.3-5+deb13u1_amd64.deb ...
2026-08-11T06:53:23.6982368Z #7 4.816 Unpacking libgssapi-krb5-2:amd64 (1.21.3-5+deb13u1) ...
2026-08-11T06:53:23.6983024Z #7 4.832 Selecting previously unselected package libsasl2-modules-db:amd64.
2026-08-11T06:53:23.6983628Z #7 4.833 Preparing to unpack .../17-libsasl2-modules-db_2.1.28+dfsg1-9_amd64.deb ...
2026-08-11T06:53:23.6984069Z #7 4.833 Unpacking libsasl2-modules-db:amd64 (2.1.28+dfsg1-9) ...
2026-08-11T06:53:23.6984475Z #7 4.844 Selecting previously unselected package libsasl2-2:amd64.
2026-08-11T06:53:23.8080472Z #7 4.846 Preparing to unpack .../18-libsasl2-2_2.1.28+dfsg1-9_amd64.deb ...
2026-08-11T06:53:23.8081380Z #7 4.846 Unpacking libsasl2-2:amd64 (2.1.28+dfsg1-9) ...
2026-08-11T06:53:23.8082361Z #7 4.859 Selecting previously unselected package libldap2:amd64.
2026-08-11T06:53:23.8083115Z #7 4.860 Preparing to unpack .../19-libldap2_2.6.10+dfsg-1_amd64.deb ...
2026-08-11T06:53:23.8083832Z #7 4.860 Unpacking libldap2:amd64 (2.6.10+dfsg-1) ...
2026-08-11T06:53:23.8084532Z #7 4.879 Selecting previously unselected package libnghttp2-14:amd64.
2026-08-11T06:53:23.8085354Z #7 4.880 Preparing to unpack .../20-libnghttp2-14_1.64.0-1.1+deb13u1_amd64.deb ...
2026-08-11T06:53:23.8086127Z #7 4.881 Unpacking libnghttp2-14:amd64 (1.64.0-1.1+deb13u1) ...
2026-08-11T06:53:23.8086871Z #7 4.895 Selecting previously unselected package libnghttp3-9:amd64.
2026-08-11T06:53:23.8087636Z #7 4.896 Preparing to unpack .../21-libnghttp3-9_1.8.0-1_amd64.deb ...
2026-08-11T06:53:23.8088467Z #7 4.896 Unpacking libnghttp3-9:amd64 (1.8.0-1) ...
2026-08-11T06:53:23.8089228Z #7 4.910 Selecting previously unselected package libngtcp2-16:amd64.
2026-08-11T06:53:23.8090149Z #7 4.911 Preparing to unpack .../22-libngtcp2-16_1.11.0-1+deb13u1_amd64.deb ...
2026-08-11T06:53:23.8091003Z #7 4.912 Unpacking libngtcp2-16:amd64 (1.11.0-1+deb13u1) ...
2026-08-11T06:53:23.8091912Z #7 4.927 Selecting previously unselected package libngtcp2-crypto-gnutls8:amd64.
2026-08-11T06:53:23.8092722Z #7 4.928 Preparing to unpack .../23-libngtcp2-crypto-gnutls8_1.11.0-1+deb13u1_amd64.deb ...
2026-08-11T06:53:23.8093462Z #7 4.929 Unpacking libngtcp2-crypto-gnutls8:amd64 (1.11.0-1+deb13u1) ...
2026-08-11T06:53:23.8093877Z #7 4.941 Selecting previously unselected package libpsl5t64:amd64.
2026-08-11T06:53:23.8094495Z #7 4.942 Preparing to unpack .../24-libpsl5t64_0.21.2-1.1+b1_amd64.deb ...
2026-08-11T06:53:23.8095039Z #7 4.942 Unpacking libpsl5t64:amd64 (0.21.2-1.1+b1) ...
2026-08-11T06:53:23.8095558Z #7 4.955 Selecting previously unselected package librtmp1:amd64.
2026-08-11T06:53:23.9303038Z #7 4.956 Preparing to unpack .../25-librtmp1_2.4+20151223.gitfa8646d.1-2+b5_amd64.deb ...
2026-08-11T06:53:23.9303906Z #7 4.957 Unpacking librtmp1:amd64 (2.4+20151223.gitfa8646d.1-2+b5) ...
2026-08-11T06:53:23.9304840Z #7 4.970 Selecting previously unselected package libssh2-1t64:amd64.
2026-08-11T06:53:23.9305568Z #7 4.971 Preparing to unpack .../26-libssh2-1t64_1.11.1-1+deb13u1_amd64.deb ...
2026-08-11T06:53:23.9306224Z #7 4.972 Unpacking libssh2-1t64:amd64 (1.11.1-1+deb13u1) ...
2026-08-11T06:53:23.9306843Z #7 4.989 Selecting previously unselected package libcurl3t64-gnutls:amd64.
2026-08-11T06:53:23.9307565Z #7 4.990 Preparing to unpack .../27-libcurl3t64-gnutls_8.14.1-2+deb13u4_amd64.deb ...
2026-08-11T06:53:23.9308371Z #7 4.991 Unpacking libcurl3t64-gnutls:amd64 (8.14.1-2+deb13u4) ...
2026-08-11T06:53:23.9308969Z #7 5.015 Selecting previously unselected package liberror-perl.
2026-08-11T06:53:23.9309605Z #7 5.016 Preparing to unpack .../28-liberror-perl_0.17030-1_all.deb ...
2026-08-11T06:53:23.9310153Z #7 5.017 Unpacking liberror-perl (0.17030-1) ...
2026-08-11T06:53:23.9310638Z #7 5.028 Selecting previously unselected package git-man.
2026-08-11T06:53:23.9311240Z #7 5.029 Preparing to unpack .../29-git-man_1%3a2.47.3-0+deb13u1_all.deb ...
2026-08-11T06:53:23.9311795Z #7 5.029 Unpacking git-man (1:2.47.3-0+deb13u1) ...
2026-08-11T06:53:23.9312327Z #7 5.077 Selecting previously unselected package git.
2026-08-11T06:53:24.0865782Z #7 5.079 Preparing to unpack .../30-git_1%3a2.47.3-0+deb13u1_amd64.deb ...
2026-08-11T06:53:24.0866557Z #7 5.083 Unpacking git (1:2.47.3-0+deb13u1) ...
2026-08-11T06:53:24.1788866Z #7 5.326 Selecting previously unselected package patch.
2026-08-11T06:53:24.3355684Z #7 5.327 Preparing to unpack .../31-patch_2.8-2_amd64.deb ...
2026-08-11T06:53:24.3356516Z #7 5.328 Unpacking patch (2.8-2) ...
2026-08-11T06:53:24.3357641Z #7 5.347 Setting up libexpat1:amd64 (2.8.2-1~deb13u1) ...
2026-08-11T06:53:24.3358499Z #7 5.349 Setting up libkeyutils1:amd64 (1.6.3-6) ...
2026-08-11T06:53:24.3359090Z #7 5.350 Setting up libgdbm-compat4t64:amd64 (1.24-2) ...
2026-08-11T06:53:24.3359437Z #7 5.352 Setting up libbrotli1:amd64 (1.1.0-2+b7) ...
2026-08-11T06:53:24.3361093Z #7 5.354 Setting up libnghttp2-14:amd64 (1.64.0-1.1+deb13u1) ...
2026-08-11T06:53:24.3361725Z #7 5.355 Setting up libcom-err2:amd64 (1.47.2-3+b11) ...
2026-08-11T06:53:24.3362544Z #7 5.357 Setting up libkrb5support0:amd64 (1.21.3-5+deb13u1) ...
2026-08-11T06:53:24.3363031Z #7 5.359 Setting up libsasl2-modules-db:amd64 (2.1.28+dfsg1-9) ...
2026-08-11T06:53:24.3363442Z #7 5.360 Setting up libp11-kit0:amd64 (0.25.5-3) ...
2026-08-11T06:53:24.3363954Z #7 5.362 Setting up libunistring5:amd64 (1.3-2) ...
2026-08-11T06:53:24.3364379Z #7 5.364 Setting up patch (2.8-2) ...
2026-08-11T06:53:24.3364671Z #7 5.366 Setting up libk5crypto3:amd64 (1.21.3-5+deb13u1) ...
2026-08-11T06:53:24.3365007Z #7 5.367 Setting up libsasl2-2:amd64 (2.1.28+dfsg1-9) ...
2026-08-11T06:53:24.3365542Z #7 5.369 Setting up libnghttp3-9:amd64 (1.8.0-1) ...
2026-08-11T06:53:24.3366017Z #7 5.371 Setting up perl-modules-5.40 (5.40.1-6) ...
2026-08-11T06:53:24.3366501Z #7 5.373 Setting up libtasn1-6:amd64 (4.20.0-2+deb13u1) ...
2026-08-11T06:53:24.3366815Z #7 5.375 Setting up git-man (1:2.47.3-0+deb13u1) ...
2026-08-11T06:53:24.3367312Z #7 5.377 Setting up libngtcp2-16:amd64 (1.11.0-1+deb13u1) ...
2026-08-11T06:53:24.3367652Z #7 5.379 Setting up libkrb5-3:amd64 (1.21.3-5+deb13u1) ...
2026-08-11T06:53:24.3368120Z #7 5.380 Setting up libssh2-1t64:amd64 (1.11.1-1+deb13u1) ...
2026-08-11T06:53:24.3368719Z #7 5.382 Setting up libldap2:amd64 (2.6.10+dfsg-1) ...
2026-08-11T06:53:24.3369206Z #7 5.384 Setting up libidn2-0:amd64 (2.3.8-2) ...
2026-08-11T06:53:24.3369710Z #7 5.385 Setting up libperl5.40:amd64 (5.40.1-6) ...
2026-08-11T06:53:24.3370199Z #7 5.387 Setting up perl (5.40.1-6) ...
2026-08-11T06:53:24.3370536Z #7 5.392 Setting up libgssapi-krb5-2:amd64 (1.21.3-5+deb13u1) ...
2026-08-11T06:53:24.3371369Z #7 5.395 Setting up libgnutls30t64:amd64 (3.8.9-3+deb13u4) ...
2026-08-11T06:53:24.3371869Z #7 5.397 Setting up libpsl5t64:amd64 (0.21.2-1.1+b1) ...
2026-08-11T06:53:24.3372277Z #7 5.398 Setting up liberror-perl (0.17030-1) ...
2026-08-11T06:53:24.3372779Z #7 5.400 Setting up librtmp1:amd64 (2.4+20151223.gitfa8646d.1-2+b5) ...
2026-08-11T06:53:24.3373354Z #7 5.402 Setting up libngtcp2-crypto-gnutls8:amd64 (1.11.0-1+deb13u1) ...
2026-08-11T06:53:24.3373912Z #7 5.404 Setting up libcurl3t64-gnutls:amd64 (8.14.1-2+deb13u4) ...
2026-08-11T06:53:24.3374261Z #7 5.405 Setting up git (1:2.47.3-0+deb13u1) ...
2026-08-11T06:53:24.3374593Z #7 5.412 Processing triggers for libc-bin (2.41-12+deb13u3) ...
2026-08-11T06:53:24.3374893Z #7 DONE 5.5s
2026-08-11T06:53:24.4574211Z 
2026-08-11T06:53:24.4574876Z #8 [4/6] RUN useradd --uid 1000 --create-home --shell /bin/bash bucker
2026-08-11T06:53:24.4575286Z #8 DONE 0.1s
2026-08-11T06:53:24.5810453Z 
2026-08-11T06:53:24.5810988Z #9 [5/6] WORKDIR /workspace
2026-08-11T06:53:24.5811447Z #9 DONE 0.0s
2026-08-11T06:53:24.5811643Z 
2026-08-11T06:53:24.5812744Z #10 [6/6] RUN git config --global --add safe.directory /workspace     && git config --global user.email "sandbox@bucker.local"     && git config --global user.name "bucker sandbox"
2026-08-11T06:53:24.5813866Z #10 DONE 0.1s
2026-08-11T06:53:24.7329193Z 
2026-08-11T06:53:24.7329684Z #11 exporting to image
2026-08-11T06:53:24.7330127Z #11 exporting layers
2026-08-11T06:53:25.2848060Z #11 exporting layers 0.7s done
2026-08-11T06:53:25.3016790Z #11 writing image sha256:70f96925665415f0e1a56cac9030eceb86c72379aa2573781b9b3b8836879b5d done
2026-08-11T06:53:25.3017701Z #11 naming to docker.io/library/bucker-sandbox:latest done
2026-08-11T06:53:25.3018402Z #11 DONE 0.7s
2026-08-11T06:53:25.3077092Z ##[group]Run uv run pytest tests/ --ignore=tests/crash_test.py -v
2026-08-11T06:53:25.3077538Z [36;1muv run pytest tests/ --ignore=tests/crash_test.py -v[0m
2026-08-11T06:53:25.3104010Z shell: /usr/bin/bash -e {0}
2026-08-11T06:53:25.3104262Z env:
2026-08-11T06:53:25.3104498Z   UV_CACHE_DIR: /home/runner/work/_temp/setup-uv-cache
2026-08-11T06:53:25.3105298Z   BUCKER_TEST_DATABASE_URL: ***localhost:5432/bucker
2026-08-11T06:53:25.3105733Z ##[endgroup]
2026-08-11T06:53:28.1665063Z ============================= test session starts ==============================
2026-08-11T06:53:28.1665864Z platform linux -- Python 3.12.13, pytest-9.1.1, pluggy-1.6.0
2026-08-11T06:53:28.1666488Z rootdir: /home/runner/work/bucker-agent/bucker-agent
2026-08-11T06:53:28.1666993Z configfile: pyproject.toml
2026-08-11T06:53:28.1667382Z plugins: anyio-4.14.2, asyncio-1.4.0
2026-08-11T06:53:28.1668703Z asyncio: mode=Mode.AUTO, debug=False, asyncio_default_fixture_loop_scope=None, asyncio_default_test_loop_scope=function
2026-08-11T06:53:28.1669573Z collected 616 items
2026-08-11T06:53:28.1669772Z 
2026-08-11T06:53:28.2145642Z tests/test_adaptive.py .......F...........                               [  3%]
2026-08-11T06:53:31.6900165Z tests/test_api.py ...................................................    [ 11%]
2026-08-11T06:53:35.3554737Z tests/test_baseline.py ............F.F.F.FF..                            [ 14%]
2026-08-11T06:53:35.3592034Z tests/test_bench.py ........                                             [ 16%]
2026-08-11T06:53:35.3666877Z tests/test_blob.py .......                                               [ 17%]
2026-08-11T06:53:35.3758990Z tests/test_budget.py ......................                              [ 20%]
2026-08-11T06:53:35.3854189Z tests/test_contracts.py .............                                    [ 23%]
2026-08-11T06:53:35.3925334Z tests/test_crash_injection.py ......                                     [ 24%]
2026-08-11T06:53:35.4065383Z tests/test_dev.py ..............                                         [ 26%]
2026-08-11T06:53:35.5761843Z tests/test_docs_encoding.py ..                                           [ 26%]
2026-08-11T06:53:36.4929305Z tests/test_eventstore.py .......s..                                      [ 28%]
2026-08-11T06:53:37.7888834Z tests/test_gateway.py ........F...                                       [ 30%]
2026-08-11T06:53:47.3259767Z tests/test_gateway_engine.py .................................           [ 35%]
2026-08-11T06:53:47.3340839Z tests/test_graph.py ..............                                       [ 37%]
2026-08-11T06:53:47.3389971Z tests/test_hardening.py .......                                          [ 38%]
2026-08-11T06:53:52.1875338Z tests/test_lite.py .......F.F.......                                     [ 41%]
2026-08-11T06:53:52.2224058Z tests/test_memory.py ...................                                 [ 44%]
2026-08-11T06:53:52.2920738Z tests/test_migrations.py ....                                            [ 45%]
2026-08-11T06:53:52.4355453Z tests/test_migrations_upgrade.py ...                                     [ 45%]
2026-08-11T06:53:52.4473764Z tests/test_models.py .......................                             [ 49%]
2026-08-11T06:53:52.4569367Z tests/test_notify.py ..........                                          [ 51%]
2026-08-11T06:53:52.4780135Z tests/test_planner.py .......................                            [ 55%]
2026-08-11T06:53:52.8514587Z tests/test_replay.py .....F....                                          [ 56%]
2026-08-11T06:53:52.8646564Z tests/test_retry.py .........................                            [ 60%]
2026-08-11T06:53:52.9021887Z tests/test_router.py ......................                              [ 64%]
2026-08-11T06:53:52.9174961Z tests/test_router_bridge.py .........                                    [ 65%]
2026-08-11T06:54:01.4422631Z tests/test_sandbox.py .................................                  [ 71%]
2026-08-11T06:54:01.4565000Z tests/test_secrets.py ........................                           [ 75%]
2026-08-11T06:54:01.4886105Z tests/test_snapshots.py ....................................             [ 80%]
2026-08-11T06:54:01.4938491Z tests/test_state.py ...........                                          [ 82%]
2026-08-11T06:54:01.6304875Z tests/test_stats.py ........................                             [ 86%]
2026-08-11T06:54:01.7856280Z tests/test_telemetry.py ...                                              [ 87%]
2026-08-11T06:54:01.7882676Z tests/test_templates.py .....                                            [ 87%]
2026-08-11T06:54:01.8158766Z tests/test_verifiers.py .................................                [ 93%]
2026-08-11T06:54:01.8545268Z tests/test_worker.py .........................                           [ 97%]
2026-08-11T06:54:01.8760251Z tests/test_workflow_wiring.py .................                          [100%]
2026-08-11T06:54:01.8760999Z 
2026-08-11T06:54:01.8761292Z =================================== FAILURES ===================================
2026-08-11T06:54:01.8762024Z _________________________ test_next_model_picks_unused _________________________
2026-08-11T06:54:01.8762507Z 
2026-08-11T06:54:01.8762698Z     def test_next_model_picks_unused():
2026-08-11T06:54:01.8763243Z         result = next_model("gpt-4", ["gpt-4"])
2026-08-11T06:54:01.8763810Z         assert result != "gpt-4"
2026-08-11T06:54:01.8764561Z         # Resolved through the gateway registry: a canonical, provider-prefixed id.
2026-08-11T06:54:01.8765395Z >       assert "/" in result
2026-08-11T06:54:01.8765930Z E       AssertionError: assert '/' in 'gpt-4o-mini'
2026-08-11T06:54:01.8766360Z 
2026-08-11T06:54:01.8766575Z tests/test_adaptive.py:81: AssertionError
2026-08-11T06:54:01.8767309Z _________________________ test_completes_on_first_try __________________________
2026-08-11T06:54:01.8767870Z 
2026-08-11T06:54:01.8768552Z started_sandbox = <bucker.sandbox.runtime.DockerSandbox object at 0x7f19ed7c57c0>
2026-08-11T06:54:01.8769121Z 
2026-08-11T06:54:01.8769297Z     async def test_completes_on_first_try(started_sandbox):
2026-08-11T06:54:01.8769773Z         """Model produces correct code, tests pass, baseline early-exits."""
2026-08-11T06:54:01.8770193Z         router = router_with({
2026-08-11T06:54:01.8770466Z             "done": False,
2026-08-11T06:54:01.8770766Z             "diff": VALID_DIFF,
2026-08-11T06:54:01.8771054Z             "summary": "Added subtract function",
2026-08-11T06:54:01.8771360Z         })
2026-08-11T06:54:01.8771562Z     
2026-08-11T06:54:01.8771790Z >       result = await run_baseline(
2026-08-11T06:54:01.8772278Z             router,
2026-08-11T06:54:01.8772742Z             "Add a subtract function to calc.py",
2026-08-11T06:54:01.8773295Z             started_sandbox,
2026-08-11T06:54:01.8773790Z             files=["calc.py", "test_calc.py"],
2026-08-11T06:54:01.8774324Z         )
2026-08-11T06:54:01.8774538Z 
2026-08-11T06:54:01.8774724Z tests/test_baseline.py:218: 
2026-08-11T06:54:01.8775313Z _ _ _ _ _ _ _ _ _ _ _ _ _ _ _ _ _ _ _ _ _ _ _ _ _ _ _ _ _ _ _ _ _ _ _ _ _ _ _ _ 
2026-08-11T06:54:01.8776022Z bucker/bench/baseline.py:226: in run_baseline
2026-08-11T06:54:01.8776764Z     response = await router.complete(messages, purpose="worker")
2026-08-11T06:54:01.8777359Z                ^^^^^^^^^^^^^^^^^^^^^^^^^^^^^^^^^^^^^^^^^^^^^^^^^
2026-08-11T06:54:01.8777739Z _ _ _ _ _ _ _ _ _ _ _ _ _ _ _ _ _ _ _ _ _ _ _ _ _ _ _ _ _ _ _ _ _ _ _ _ _ _ _ _ 
2026-08-11T06:54:01.8778002Z 
2026-08-11T06:54:01.8778195Z self = <tests.test_baseline.FakeRouter object at 0x7f19ed7c50a0>
2026-08-11T06:54:01.8779510Z messages = [{'role': 'user', 'content': 'Test results after your change:\n\n```\nDIFF FAILED TO APPLY (exit 1):\nChecking patch c... above. If you believe the tests are wrong or the task cannot be done, set done=true and explain why in reason_done.'}]
2026-08-11T06:54:01.8780536Z purpose = 'worker', kwargs = {}
2026-08-11T06:54:01.8780713Z 
2026-08-11T06:54:01.8781232Z     async def complete(self, messages, *, purpose, **kwargs) -> ModelResponse:
2026-08-11T06:54:01.8781688Z         return ModelResponse(
2026-08-11T06:54:01.8782016Z >           text=json.dumps(self._responses.pop(0)),
2026-08-11T06:54:01.8782358Z                             ^^^^^^^^^^^^^^^^^^^^^^
2026-08-11T06:54:01.8782665Z             model=self.model,
2026-08-11T06:54:01.8782939Z             cost_usd=self._cost,
2026-08-11T06:54:01.8783214Z             latency_ms=5,
2026-08-11T06:54:01.8783476Z             raw_ref="sha256:" + "0" * 64,
2026-08-11T06:54:01.8783889Z             request_ref="sha256:" + "1" * 64,
2026-08-11T06:54:01.8784198Z             from_recording=True,
2026-08-11T06:54:01.8784449Z         )
2026-08-11T06:54:01.8784674Z E       IndexError: pop from empty list
2026-08-11T06:54:01.8784873Z 
2026-08-11T06:54:01.8784998Z tests/test_baseline.py:65: IndexError
2026-08-11T06:54:01.8785381Z ___________________________ test_iterates_on_failure ___________________________
2026-08-11T06:54:01.8785685Z 
2026-08-11T06:54:01.8785945Z started_sandbox = <bucker.sandbox.runtime.DockerSandbox object at 0x7f19ed7c69f0>
2026-08-11T06:54:01.8786319Z 
2026-08-11T06:54:01.8786473Z     async def test_iterates_on_failure(started_sandbox):
2026-08-11T06:54:01.8787183Z         """First diff is wrong, tests fail, second attempt fixes it — early exit."""
2026-08-11T06:54:01.8787611Z         router = router_with(
2026-08-11T06:54:01.8787860Z             {
2026-08-11T06:54:01.8788076Z                 "done": False,
2026-08-11T06:54:01.8788588Z                 "diff": BROKEN_DIFF,
2026-08-11T06:54:01.8788920Z                 "summary": "Added sub function (wrong name)",
2026-08-11T06:54:01.8789250Z             },
2026-08-11T06:54:01.8789456Z             {
2026-08-11T06:54:01.8789670Z                 "done": False,
2026-08-11T06:54:01.8814308Z                 "diff": VALID_DIFF,
2026-08-11T06:54:01.8814795Z                 "summary": "Fixed: renamed to subtract",
2026-08-11T06:54:01.8815131Z             },
2026-08-11T06:54:01.8815342Z         )
2026-08-11T06:54:01.8815542Z     
2026-08-11T06:54:01.8815824Z >       result = await run_baseline(
2026-08-11T06:54:01.8816217Z             router,
2026-08-11T06:54:01.8816600Z             "Add a subtract function to calc.py",
2026-08-11T06:54:01.8816964Z             started_sandbox,
2026-08-11T06:54:01.8817342Z             files=["calc.py", "test_calc.py"],
2026-08-11T06:54:01.8817740Z         )
2026-08-11T06:54:01.8817906Z 
2026-08-11T06:54:01.8818047Z tests/test_baseline.py:260: 
2026-08-11T06:54:01.8818623Z _ _ _ _ _ _ _ _ _ _ _ _ _ _ _ _ _ _ _ _ _ _ _ _ _ _ _ _ _ _ _ _ _ _ _ _ _ _ _ _ 
2026-08-11T06:54:01.8819159Z bucker/bench/baseline.py:226: in run_baseline
2026-08-11T06:54:01.8819725Z     response = await router.complete(messages, purpose="worker")
2026-08-11T06:54:01.8820302Z                ^^^^^^^^^^^^^^^^^^^^^^^^^^^^^^^^^^^^^^^^^^^^^^^^^
2026-08-11T06:54:01.8820813Z _ _ _ _ _ _ _ _ _ _ _ _ _ _ _ _ _ _ _ _ _ _ _ _ _ _ _ _ _ _ _ _ _ _ _ _ _ _ _ _ 
2026-08-11T06:54:01.8821152Z 
2026-08-11T06:54:01.8821423Z self = <tests.test_baseline.FakeRouter object at 0x7f19ed7c4560>
2026-08-11T06:54:01.8823007Z messages = [{'role': 'user', 'content': 'Test results after your change:\n\n```\nDIFF FAILED TO APPLY (exit 1):\nChecking patch c... above. If you believe the tests are wrong or the task cannot be done, set done=true and explain why in reason_done.'}]
2026-08-11T06:54:01.8824063Z purpose = 'worker', kwargs = {}
2026-08-11T06:54:01.8824234Z 
2026-08-11T06:54:01.8824470Z     async def complete(self, messages, *, purpose, **kwargs) -> ModelResponse:
2026-08-11T06:54:01.8824896Z         return ModelResponse(
2026-08-11T06:54:01.8825188Z >           text=json.dumps(self._responses.pop(0)),
2026-08-11T06:54:01.8825498Z                             ^^^^^^^^^^^^^^^^^^^^^^
2026-08-11T06:54:01.8825778Z             model=self.model,
2026-08-11T06:54:01.8826031Z             cost_usd=self._cost,
2026-08-11T06:54:01.8826276Z             latency_ms=5,
2026-08-11T06:54:01.8826514Z             raw_ref="sha256:" + "0" * 64,
2026-08-11T06:54:01.8826994Z             request_ref="sha256:" + "1" * 64,
2026-08-11T06:54:01.8827276Z             from_recording=True,
2026-08-11T06:54:01.8827511Z         )
2026-08-11T06:54:01.8827722Z E       IndexError: pop from empty list
2026-08-11T06:54:01.8827911Z 
2026-08-11T06:54:01.8828015Z tests/test_baseline.py:65: IndexError
2026-08-11T06:54:01.8828668Z _____________________ test_records_cost_across_iterations ______________________
2026-08-11T06:54:01.8828959Z 
2026-08-11T06:54:01.8829308Z started_sandbox = <bucker.sandbox.runtime.DockerSandbox object at 0x7f19ed7a0230>
2026-08-11T06:54:01.8829647Z 
2026-08-11T06:54:01.8829817Z     async def test_records_cost_across_iterations(started_sandbox):
2026-08-11T06:54:01.8830238Z         """Each iteration pays for a model call. Early exit reduces cost."""
2026-08-11T06:54:01.8830574Z         router = router_with(
2026-08-11T06:54:01.8830784Z             {
2026-08-11T06:54:01.8830967Z                 "done": False,
2026-08-11T06:54:01.8831191Z                 "diff": BROKEN_DIFF,
2026-08-11T06:54:01.8831435Z                 "summary": "attempt 1",
2026-08-11T06:54:01.8831662Z             },
2026-08-11T06:54:01.8831833Z             {
2026-08-11T06:54:01.8832012Z                 "done": False,
2026-08-11T06:54:01.8832228Z                 "diff": VALID_DIFF,
2026-08-11T06:54:01.8832463Z                 "summary": "attempt 2",
2026-08-11T06:54:01.8832692Z             },
2026-08-11T06:54:01.8832870Z             cost=0.05,
2026-08-11T06:54:01.8833058Z         )
2026-08-11T06:54:01.8833222Z     
2026-08-11T06:54:01.8833399Z >       result = await run_baseline(
2026-08-11T06:54:01.8833627Z             router,
2026-08-11T06:54:01.8833815Z             "Add subtract",
2026-08-11T06:54:01.8834028Z             started_sandbox,
2026-08-11T06:54:01.8834262Z             files=["calc.py", "test_calc.py"],
2026-08-11T06:54:01.8834505Z         )
2026-08-11T06:54:01.8834602Z 
2026-08-11T06:54:01.8834690Z tests/test_baseline.py:315: 
2026-08-11T06:54:01.8834965Z _ _ _ _ _ _ _ _ _ _ _ _ _ _ _ _ _ _ _ _ _ _ _ _ _ _ _ _ _ _ _ _ _ _ _ _ _ _ _ _ 
2026-08-11T06:54:01.8835291Z bucker/bench/baseline.py:226: in run_baseline
2026-08-11T06:54:01.8835634Z     response = await router.complete(messages, purpose="worker")
2026-08-11T06:54:01.8835973Z                ^^^^^^^^^^^^^^^^^^^^^^^^^^^^^^^^^^^^^^^^^^^^^^^^^
2026-08-11T06:54:01.8836288Z _ _ _ _ _ _ _ _ _ _ _ _ _ _ _ _ _ _ _ _ _ _ _ _ _ _ _ _ _ _ _ _ _ _ _ _ _ _ _ _ 
2026-08-11T06:54:01.8836509Z 
2026-08-11T06:54:01.8836666Z self = <tests.test_baseline.FakeRouter object at 0x7f19ed7a1430>
2026-08-11T06:54:01.8837590Z messages = [{'role': 'user', 'content': 'Test results after your change:\n\n```\nDIFF FAILED TO APPLY (exit 1):\nChecking patch c... above. If you believe the tests are wrong or the task cannot be done, set done=true and explain why in reason_done.'}]
2026-08-11T06:54:01.8838562Z purpose = 'worker', kwargs = {}
2026-08-11T06:54:01.8838723Z 
2026-08-11T06:54:01.8838920Z     async def complete(self, messages, *, purpose, **kwargs) -> ModelResponse:
2026-08-11T06:54:01.8839299Z         return ModelResponse(
2026-08-11T06:54:01.8839572Z >           text=json.dumps(self._responses.pop(0)),
2026-08-11T06:54:01.8839856Z                             ^^^^^^^^^^^^^^^^^^^^^^
2026-08-11T06:54:01.8840112Z             model=self.model,
2026-08-11T06:54:01.8840339Z             cost_usd=self._cost,
2026-08-11T06:54:01.8840561Z             latency_ms=5,
2026-08-11T06:54:01.8840774Z             raw_ref="sha256:" + "0" * 64,
2026-08-11T06:54:01.8841030Z             request_ref="sha256:" + "1" * 64,
2026-08-11T06:54:01.8841282Z             from_recording=True,
2026-08-11T06:54:01.8841492Z         )
2026-08-11T06:54:01.8841681Z E       IndexError: pop from empty list
2026-08-11T06:54:01.8841854Z 
2026-08-11T06:54:01.8841948Z tests/test_baseline.py:65: IndexError
2026-08-11T06:54:01.8842291Z ___________________ test_invalid_json_is_fed_back_for_repair ___________________
2026-08-11T06:54:01.8842553Z 
2026-08-11T06:54:01.8842880Z started_sandbox = <bucker.sandbox.runtime.DockerSandbox object at 0x7f19ed7a0ef0>
2026-08-11T06:54:01.8843191Z 
2026-08-11T06:54:01.8843371Z     async def test_invalid_json_is_fed_back_for_repair(started_sandbox):
2026-08-11T06:54:01.8843960Z         """Model returns garbage — feed it back, don't crash."""
2026-08-11T06:54:01.8844259Z         router = router_with(
2026-08-11T06:54:01.8844491Z             "not json at all {{{",
2026-08-11T06:54:01.8844717Z             {
2026-08-11T06:54:01.8844904Z                 "done": False,
2026-08-11T06:54:01.8845201Z                 "diff": VALID_DIFF,
2026-08-11T06:54:01.8845435Z                 "summary": "fixed",
2026-08-11T06:54:01.8845654Z             },
2026-08-11T06:54:01.8845827Z             {
2026-08-11T06:54:01.8846008Z                 "done": True,
2026-08-11T06:54:01.8846228Z                 "summary": "done",
2026-08-11T06:54:01.8846465Z                 "reason_done": "green",
2026-08-11T06:54:01.8846691Z             },
2026-08-11T06:54:01.8846861Z         )
2026-08-11T06:54:01.8847025Z     
2026-08-11T06:54:01.8847216Z         result = await run_baseline(
2026-08-11T06:54:01.8847444Z             router,
2026-08-11T06:54:01.8847634Z             "Add subtract",
2026-08-11T06:54:01.8847854Z             started_sandbox,
2026-08-11T06:54:01.8848091Z             files=["calc.py", "test_calc.py"],
2026-08-11T06:54:01.8848490Z         )
2026-08-11T06:54:01.8848660Z     
2026-08-11T06:54:01.8848858Z >       assert result.status == "completed"
2026-08-11T06:54:01.8849177Z E       AssertionError: assert 'failed' == 'completed'
2026-08-11T06:54:01.8849464Z E         
2026-08-11T06:54:01.8849660Z E         - completed
2026-08-11T06:54:01.8849871Z E         + failed
2026-08-11T06:54:01.8849980Z 
2026-08-11T06:54:01.8850093Z tests/test_baseline.py:373: AssertionError
2026-08-11T06:54:01.8850441Z ____________________ test_no_diff_and_not_done_is_fed_back _____________________
2026-08-11T06:54:01.8850689Z 
2026-08-11T06:54:01.8850914Z started_sandbox = <bucker.sandbox.runtime.DockerSandbox object at 0x7f19ed796e40>
2026-08-11T06:54:01.8851219Z 
2026-08-11T06:54:01.8851384Z     async def test_no_diff_and_not_done_is_fed_back(started_sandbox):
2026-08-11T06:54:01.8851758Z         """Model says 'not done' but doesn't provide a diff."""
2026-08-11T06:54:01.8852059Z         router = router_with(
2026-08-11T06:54:01.8852271Z             {
2026-08-11T06:54:01.8852454Z                 "done": False,
2026-08-11T06:54:01.8852673Z                 "summary": "thinking...",
2026-08-11T06:54:01.8852904Z             },
2026-08-11T06:54:01.8853070Z             {
2026-08-11T06:54:01.8853248Z                 "done": False,
2026-08-11T06:54:01.8853468Z                 "diff": VALID_DIFF,
2026-08-11T06:54:01.8853703Z                 "summary": "ok here",
2026-08-11T06:54:01.8853921Z             },
2026-08-11T06:54:01.8854089Z             {
2026-08-11T06:54:01.8854268Z                 "done": True,
2026-08-11T06:54:01.8854480Z                 "summary": "done",
2026-08-11T06:54:01.8854781Z                 "reason_done": "green",
2026-08-11T06:54:01.8855012Z             },
2026-08-11T06:54:01.8855180Z         )
2026-08-11T06:54:01.8855342Z     
2026-08-11T06:54:01.8855519Z         result = await run_baseline(
2026-08-11T06:54:01.8855751Z             router,
2026-08-11T06:54:01.8855947Z             "Add subtract",
2026-08-11T06:54:01.8856161Z             started_sandbox,
2026-08-11T06:54:01.8856396Z             files=["calc.py", "test_calc.py"],
2026-08-11T06:54:01.8856644Z         )
2026-08-11T06:54:01.8856809Z     
2026-08-11T06:54:01.8857001Z >       assert result.status == "completed"
2026-08-11T06:54:01.8857295Z E       AssertionError: assert 'failed' == 'completed'
2026-08-11T06:54:01.8857562Z E         
2026-08-11T06:54:01.8857744Z E         - completed
2026-08-11T06:54:01.8857941Z E         + failed
2026-08-11T06:54:01.8858057Z 
2026-08-11T06:54:01.8858159Z tests/test_baseline.py:403: AssertionError
2026-08-11T06:54:01.8858744Z __________________ test_models_endpoint_lists_routable_models __________________
2026-08-11T06:54:01.8859016Z 
2026-08-11T06:54:01.8859340Z monkeypatch = <_pytest.monkeypatch.MonkeyPatch object at 0x7f19ed7a0680>
2026-08-11T06:54:01.8859633Z 
2026-08-11T06:54:01.8859795Z     def test_models_endpoint_lists_routable_models(monkeypatch):
2026-08-11T06:54:01.8860139Z         from bucker.config import settings
2026-08-11T06:54:01.8860382Z     
2026-08-11T06:54:01.8860575Z         c, _, _ = _client(monkeypatch)
2026-08-11T06:54:01.8860851Z         resp = c.get("/v1/models", headers=_auth())
2026-08-11T06:54:01.8861197Z         assert resp.status_code == 200
2026-08-11T06:54:01.8861446Z         body = resp.json()
2026-08-11T06:54:01.8861668Z         assert body["object"] == "list"
2026-08-11T06:54:01.8861923Z         ids = [m["id"] for m in body["data"]]
2026-08-11T06:54:01.8862183Z >       assert settings.model in ids
2026-08-11T06:54:01.8862574Z E       AssertionError: assert 'gpt-4o-mini' in ['deepseek/deepseek-v4-flash', 'b/model-2']
2026-08-11T06:54:01.8863883Z E        +  where 'gpt-4o-mini' = Settings(database_url='***localhost:5432/bucker', blob_root=PosixPath('blobstore'), sandbox_i...e_s=120.0, gateway_timeout_s=60.0, gateway_max_retries=1, gateway_circuit_threshold=3, gateway_circuit_open_for_s=30.0).model
2026-08-11T06:54:01.8864660Z 
2026-08-11T06:54:01.8864773Z tests/test_gateway.py:251: AssertionError
2026-08-11T06:54:01.8865120Z _______________________ test_local_sandbox_runs_commands _______________________
2026-08-11T06:54:01.8865374Z 
2026-08-11T06:54:01.8865608Z tmp_path = PosixPath('/tmp/pytest-of-runner/pytest-0/test_local_sandbox_runs_comman0')
2026-08-11T06:54:01.8865920Z 
2026-08-11T06:54:01.8866015Z     @pytest.mark.asyncio
2026-08-11T06:54:01.8866287Z     async def test_local_sandbox_runs_commands(tmp_path):
2026-08-11T06:54:01.8866591Z         sandbox = LocalSandbox(tmp_path)
2026-08-11T06:54:01.8866847Z         await sandbox.start()
2026-08-11T06:54:01.8867061Z         try:
2026-08-11T06:54:01.8867312Z             result = await sandbox.exec("echo hello-from-sandbox")
2026-08-11T06:54:01.8867628Z             assert result.ok
2026-08-11T06:54:01.8867886Z >           assert "hello-from-sandbox" in result.stdout
2026-08-11T06:54:01.8868395Z E           AssertionError: assert 'hello-from-sandbox' in '\n'
2026-08-11T06:54:01.8869093Z E            +  where '\n' = ExecResult(command='echo hello-from-sandbox', exit_code=0, stdout='\n', stderr='', duration_ms=1, timed_out=False, secret_findings=[]).stdout
2026-08-11T06:54:01.8869603Z 
2026-08-11T06:54:01.8869709Z tests/test_lite.py:136: AssertionError
2026-08-11T06:54:01.8870047Z ________________________ test_local_sandbox_apply_diff _________________________
2026-08-11T06:54:01.8870301Z 
2026-08-11T06:54:01.8870551Z tmp_path = PosixPath('/tmp/pytest-of-runner/pytest-0/test_local_sandbox_apply_diff0')
2026-08-11T06:54:01.8870864Z 
2026-08-11T06:54:01.8870951Z     @pytest.mark.asyncio
2026-08-11T06:54:01.8871211Z     async def test_local_sandbox_apply_diff(tmp_path):
2026-08-11T06:54:01.8871509Z         sandbox = LocalSandbox(tmp_path)
2026-08-11T06:54:01.8871773Z         await sandbox.start()
2026-08-11T06:54:01.8871988Z         try:
2026-08-11T06:54:01.8872264Z             sandbox.write_file("calc.py", "def add(a, b):\n    return a + b\n")
2026-08-11T06:54:01.8872629Z             result = await sandbox.apply_diff(
2026-08-11T06:54:01.8873139Z                 "--- a/calc.py\n+++ b/calc.py\n@@ -1,3 +1,4 @@\n def add(a, b):\n     return a + b\n+\n+def mul(a, b):\n+    return a * b\n",
2026-08-11T06:54:01.8873594Z                 files=["calc.py"],
2026-08-11T06:54:01.8873815Z             )
2026-08-11T06:54:01.8874048Z >           assert result.ok, result.stdout + result.stderr
2026-08-11T06:54:01.8874496Z E           AssertionError: usage: git [-v | --version] [-h | --help] [-C <path>] [-c <name>=<value>]
2026-08-11T06:54:01.8874999Z E                        [--exec-path[=<path>]] [--html-path] [--man-path] [--info-path]
2026-08-11T06:54:01.8875478Z E                        [-p | --paginate | -P | --no-pager] [--no-replace-objects] [--no-lazy-fetch]
2026-08-11T06:54:01.8876065Z E                        [--no-optional-locks] [--no-advice] [--bare] [--git-dir=<path>]
2026-08-11T06:54:01.8876553Z E                        [--work-tree=<path>] [--namespace=<name>] [--config-env=<name>=<envvar>]
2026-08-11T06:54:01.8876943Z E                        <command> [<args>]
2026-08-11T06:54:01.8877193Z E             
2026-08-11T06:54:01.8877454Z E             These are common Git commands used in various situations:
2026-08-11T06:54:01.8877766Z E             
2026-08-11T06:54:01.8878074Z E             start a working area (see also: git help tutorial)
2026-08-11T06:54:01.8878588Z E                clone      Clone a repository into a new directory
2026-08-11T06:54:01.8878991Z E                init       Create an empty Git repository or reinitialize an existing one
2026-08-11T06:54:01.8879337Z E             
2026-08-11T06:54:01.8879588Z E             work on the current change (see also: git help everyday)
2026-08-11T06:54:01.8879936Z E                add        Add file contents to the index
2026-08-11T06:54:01.8880273Z E                mv         Move or rename a file, a directory, or a symlink
2026-08-11T06:54:01.8880613Z E                restore    Restore working tree files
2026-08-11T06:54:01.8880953Z E                rm         Remove files from the working tree and from the index
2026-08-11T06:54:01.8881266Z E             
2026-08-11T06:54:01.8881526Z E             examine the history and state (see also: git help revisions)
2026-08-11T06:54:01.8881950Z E                bisect     Use binary search to find the commit that introduced a bug
2026-08-11T06:54:01.8882389Z E                diff       Show changes between commits, commit and working tree, etc
2026-08-11T06:54:01.8882760Z E                grep       Print lines matching a pattern
2026-08-11T06:54:01.8883046Z E                log        Show commit logs
2026-08-11T06:54:01.8883331Z E                show       Show various types of objects
2026-08-11T06:54:01.8883633Z E                status     Show the working tree status
2026-08-11T06:54:01.8883894Z E             
2026-08-11T06:54:01.8884113Z E             grow, mark and tweak your common history
2026-08-11T06:54:01.8884451Z E                backfill   Download missing objects in a partial clone
2026-08-11T06:54:01.8884797Z E                branch     List, create, or delete branches
2026-08-11T06:54:01.8885115Z E                commit     Record changes to the repository
2026-08-11T06:54:01.8885427Z E                history    EXPERIMENTAL: Rewrite history
2026-08-11T06:54:01.8885775Z E                merge      Join two or more development histories together
2026-08-11T06:54:01.8886150Z E                rebase     Reapply commits on top of another base tip
2026-08-11T06:54:01.8886502Z E                reset      Set `HEAD` or the index to a known state
2026-08-11T06:54:01.8886801Z E                switch     Switch branches
2026-08-11T06:54:01.8887091Z E                tag        Create, list, delete or verify tags
2026-08-11T06:54:01.8887363Z E             
2026-08-11T06:54:01.8887586Z E             collaborate (see also: git help workflows)
2026-08-11T06:54:01.8887930Z E                fetch      Download objects and refs from another repository
2026-08-11T06:54:01.8888515Z E                pull       Fetch from and integrate with another repository or a local branch
2026-08-11T06:54:01.8888950Z E                push       Update remote refs along with associated objects
2026-08-11T06:54:01.8889258Z E             
2026-08-11T06:54:01.8889544Z E             'git help -a' and 'git help -g' list available subcommands and some
2026-08-11T06:54:01.8889969Z E             concept guides. See 'git help <command>' or 'git help <concept>'
2026-08-11T06:54:01.8890359Z E             to read about a specific subcommand or concept.
2026-08-11T06:54:01.8890691Z E             See 'git help git' for an overview of the system.
2026-08-11T06:54:01.8890987Z E             patching file calc.py
2026-08-11T06:54:01.8891249Z E             can't find file to patch at input line 3
2026-08-11T06:54:01.8891684Z E             Perhaps you used the wrong -p or --strip option?
2026-08-11T06:54:01.8892005Z E             The text leading up to this was:
2026-08-11T06:54:01.8892273Z E             --------------------------
2026-08-11T06:54:01.8892519Z E             |--- a/calc.py
2026-08-11T06:54:01.8892733Z E             |+++ b/calc.py
2026-08-11T06:54:01.8892950Z E             --------------------------
2026-08-11T06:54:01.8893190Z E             File to patch: 
2026-08-11T06:54:01.8893477Z E             Skip this patch? [y] 
2026-08-11T06:54:01.8893715Z E             Skipping patch.
2026-08-11T06:54:01.8893990Z E             patch: **** malformed patch at line 8: +    return a * b
2026-08-11T06:54:01.8894287Z E             
2026-08-11T06:54:01.8894526Z E             patch: **** malformed patch at line 8: +    return a * b
2026-08-11T06:54:01.8894811Z E             
2026-08-11T06:54:01.8894978Z E             
2026-08-11T06:54:01.8895159Z E           assert False
2026-08-11T06:54:01.8896015Z E            +  where False = ExecResult(command='git apply --recount --verbose .bucker.patch 2>&1 || patch -p1 --forward < .bucker.patch || patch -...\n\npatch: **** malformed patch at line 8: +    return a * b\n\n', duration_ms=23, timed_out=False, secret_findings=[]).ok
2026-08-11T06:54:01.8896797Z 
2026-08-11T06:54:01.8896903Z tests/test_lite.py:166: AssertionError
2026-08-11T06:54:01.8897266Z ___________ test_replay_sandbox_never_mutates_the_original_workspace ___________
2026-08-11T06:54:01.8897542Z 
2026-08-11T06:54:01.8897725Z     async def test_replay_sandbox_never_mutates_the_original_workspace():
2026-08-11T06:54:01.8898574Z         """The full replay path — sandbox + diff apply — must leave the durable
2026-08-11T06:54:01.8899050Z         original byte-identical. This is the property the isolated-copy design
2026-08-11T06:54:01.8899520Z         exists to guarantee; it is docker-gated like the other container tests.
2026-08-11T06:54:01.8899859Z         """
2026-08-11T06:54:01.8900156Z         from bucker.sandbox.runtime import DockerSandbox, docker_available
2026-08-11T06:54:01.8900490Z     
2026-08-11T06:54:01.8900686Z         if not await docker_available():
2026-08-11T06:54:01.8900964Z             pytest.skip("docker not available")
2026-08-11T06:54:01.8901220Z     
2026-08-11T06:54:01.8901399Z         import shutil
2026-08-11T06:54:01.8901587Z     
2026-08-11T06:54:01.8901819Z         from bucker.replay.engine import replay_workspace_for
2026-08-11T06:54:01.8902187Z     
2026-08-11T06:54:01.8902426Z         tid = uuid4()
2026-08-11T06:54:01.8902697Z         original = workspace_for(str(tid))
2026-08-11T06:54:01.8902977Z         original.mkdir(parents=True, exist_ok=True)
2026-08-11T06:54:01.8903401Z         (original / "calc.py").write_text("def add(a, b):\n    return a + b\n", encoding="utf-8")
2026-08-11T06:54:01.8903771Z     
2026-08-11T06:54:01.8903927Z         try:
2026-08-11T06:54:01.8904130Z             replay = replay_workspace_for(tid)
2026-08-11T06:54:01.8904400Z             shutil.copytree(original, replay)
2026-08-11T06:54:01.8904639Z     
2026-08-11T06:54:01.8904820Z             sandbox = DockerSandbox(replay)
2026-08-11T06:54:01.8905076Z             await sandbox.start()
2026-08-11T06:54:01.8905299Z             try:
2026-08-11T06:54:01.8905570Z                 # What replay actually does on the workspace: apply a diff and
2026-08-11T06:54:01.8905993Z                 # run something — both write files.
2026-08-11T06:54:01.8906256Z                 diff = (
2026-08-11T06:54:01.8906492Z                     "--- a/calc.py\n+++ b/calc.py\n"
2026-08-11T06:54:01.8906807Z                     "@@ -1,2 +1,4 @@\n def add(a, b):\n     return a + b\n"
2026-08-11T06:54:01.9747754Z                     "+def subtract(a, b):\n+    return a - b\n"
2026-08-11T06:54:01.9748634Z                 )
2026-08-11T06:54:01.9748988Z                 applied = await sandbox.apply_diff(diff, files=["calc.py"])
2026-08-11T06:54:01.9749451Z >               assert applied.exit_code == 0, applied.stderr
2026-08-11T06:54:01.9750344Z E               AssertionError: patch: **** Can't create temporary file calc.py.obgC6R1 : Permission denied
2026-08-11T06:54:01.9750863Z E                 
2026-08-11T06:54:01.9751102Z E               assert 1 == 0
2026-08-11T06:54:01.9752195Z E                +  where 1 = ExecResult(command='git apply --recount --verbose .bucker.patch 2>&1 || patch -p1 --forward < .bucker.patch || patch -...an't create temporary file calc.py.obgC6R1 : Permission denied\n", duration_ms=46, timed_out=False, secret_findings=[]).exit_code
2026-08-11T06:54:01.9753338Z 
2026-08-11T06:54:01.9753471Z tests/test_replay.py:180: AssertionError
2026-08-11T06:54:01.9753848Z =============================== warnings summary ===============================
2026-08-11T06:54:01.9754313Z .venv/lib/python3.12/site-packages/fastapi/testclient.py:1
2026-08-11T06:54:01.9755397Z   /home/runner/work/bucker-agent/bucker-agent/.venv/lib/python3.12/site-packages/fastapi/testclient.py:1: StarletteDeprecationWarning: Using `httpx` with `starlette.testclient` is deprecated; install `httpx2` instead.
2026-08-11T06:54:01.9756490Z     from starlette.testclient import TestClient as TestClient  # noqa
2026-08-11T06:54:01.9756799Z 
2026-08-11T06:54:01.9757047Z -- Docs: https://docs.pytest.org/en/stable/how-to/capture-warnings.html
2026-08-11T06:54:01.9757532Z =========================== short test summary info ============================
2026-08-11T06:54:01.9758193Z FAILED tests/test_adaptive.py::test_next_model_picks_unused - AssertionError: assert '/' in 'gpt-4o-mini'
2026-08-11T06:54:01.9759234Z FAILED tests/test_baseline.py::test_completes_on_first_try - IndexError: pop from empty list
2026-08-11T06:54:01.9759903Z FAILED tests/test_baseline.py::test_iterates_on_failure - IndexError: pop from empty list
2026-08-11T06:54:01.9760597Z FAILED tests/test_baseline.py::test_records_cost_across_iterations - IndexError: pop from empty list
2026-08-11T06:54:01.9761413Z FAILED tests/test_baseline.py::test_invalid_json_is_fed_back_for_repair - AssertionError: assert 'failed' == 'completed'
2026-08-11T06:54:01.9762006Z   
2026-08-11T06:54:01.9762218Z   - completed
2026-08-11T06:54:01.9762438Z   + failed
2026-08-11T06:54:01.9762935Z FAILED tests/test_baseline.py::test_no_diff_and_not_done_is_fed_back - AssertionError: assert 'failed' == 'completed'
2026-08-11T06:54:01.9763481Z   
2026-08-11T06:54:01.9763672Z   - completed
2026-08-11T06:54:01.9763879Z   + failed
2026-08-11T06:54:01.9764531Z FAILED tests/test_gateway.py::test_models_endpoint_lists_routable_models - AssertionError: assert 'gpt-4o-mini' in ['deepseek/deepseek-v4-flash', 'b/model-2']
2026-08-11T06:54:01.9766386Z  +  where 'gpt-4o-mini' = Settings(database_url='***localhost:5432/bucker', blob_root=PosixPath('blobstore'), sandbox_i...e_s=120.0, gateway_timeout_s=60.0, gateway_max_retries=1, gateway_circuit_threshold=3, gateway_circuit_open_for_s=30.0).model
2026-08-11T06:54:01.9767689Z FAILED tests/test_lite.py::test_local_sandbox_runs_commands - AssertionError: assert 'hello-from-sandbox' in '\n'
2026-08-11T06:54:01.9768852Z  +  where '\n' = ExecResult(command='echo hello-from-sandbox', exit_code=0, stdout='\n', stderr='', duration_ms=1, timed_out=False, secret_findings=[]).stdout
2026-08-11T06:54:01.9769929Z FAILED tests/test_lite.py::test_local_sandbox_apply_diff - AssertionError: usage: git [-v | --version] [-h | --help] [-C <path>] [-c <name>=<value>]
2026-08-11T06:54:01.9770709Z              [--exec-path[=<path>]] [--html-path] [--man-path] [--info-path]
2026-08-11T06:54:01.9771260Z              [-p | --paginate | -P | --no-pager] [--no-replace-objects] [--no-lazy-fetch]
2026-08-11T06:54:01.9771804Z              [--no-optional-locks] [--no-advice] [--bare] [--git-dir=<path>]
2026-08-11T06:54:01.9772321Z              [--work-tree=<path>] [--namespace=<name>] [--config-env=<name>=<envvar>]
2026-08-11T06:54:01.9772752Z              <command> [<args>]
2026-08-11T06:54:01.9773044Z   
2026-08-11T06:54:01.9773327Z   These are common Git commands used in various situations:
2026-08-11T06:54:01.9773670Z   
2026-08-11T06:54:01.9774066Z   start a working area (see also: git help tutorial)
2026-08-11T06:54:01.9774465Z      clone      Clone a repository into a new directory
2026-08-11T06:54:01.9774925Z      init       Create an empty Git repository or reinitialize an existing one
2026-08-11T06:54:01.9775321Z   
2026-08-11T06:54:01.9775591Z   work on the current change (see also: git help everyday)
2026-08-11T06:54:01.9775974Z      add        Add file contents to the index
2026-08-11T06:54:01.9776350Z      mv         Move or rename a file, a directory, or a symlink
2026-08-11T06:54:01.9776808Z      restore    Restore working tree files
2026-08-11T06:54:01.9777186Z      rm         Remove files from the working tree and from the index
2026-08-11T06:54:01.9777543Z   
2026-08-11T06:54:01.9777831Z   examine the history and state (see also: git help revisions)
2026-08-11T06:54:01.9778395Z      bisect     Use binary search to find the commit that introduced a bug
2026-08-11T06:54:01.9778917Z      diff       Show changes between commits, commit and working tree, etc
2026-08-11T06:54:01.9779337Z      grep       Print lines matching a pattern
2026-08-11T06:54:01.9779666Z      log        Show commit logs
2026-08-11T06:54:01.9779967Z      show       Show various types of objects
2026-08-11T06:54:01.9780302Z      status     Show the working tree status
2026-08-11T06:54:01.9780594Z   
2026-08-11T06:54:01.9780818Z   grow, mark and tweak your common history
2026-08-11T06:54:01.9781186Z      backfill   Download missing objects in a partial clone
2026-08-11T06:54:01.9781585Z      branch     List, create, or delete branches
2026-08-11T06:54:01.9781930Z      commit     Record changes to the repository
2026-08-11T06:54:01.9782271Z      history    EXPERIMENTAL: Rewrite history
2026-08-11T06:54:01.9782658Z      merge      Join two or more development histories together
2026-08-11T06:54:01.9783084Z      rebase     Reapply commits on top of another base tip
2026-08-11T06:54:01.9783478Z      reset      Set `HEAD` or the index to a known state
2026-08-11T06:54:01.9783815Z      switch     Switch branches
2026-08-11T06:54:01.9784113Z      tag        Create, list, delete or verify tags
2026-08-11T06:54:01.9784417Z   
2026-08-11T06:54:01.9784645Z   collaborate (see also: git help workflows)
2026-08-11T06:54:01.9785028Z      fetch      Download objects and refs from another repository
2026-08-11T06:54:01.9785522Z      pull       Fetch from and integrate with another repository or a local branch
2026-08-11T06:54:01.9786014Z      push       Update remote refs along with associated objects
2026-08-11T06:54:01.9786358Z   
2026-08-11T06:54:01.9786660Z   'git help -a' and 'git help -g' list available subcommands and some
2026-08-11T06:54:01.9787146Z   concept guides. See 'git help <command>' or 'git help <concept>'
2026-08-11T06:54:01.9787569Z   to read about a specific subcommand or concept.
2026-08-11T06:54:01.9787943Z   See 'git help git' for an overview of the system.
2026-08-11T06:54:01.9788455Z   patching file calc.py
2026-08-11T06:54:01.9788924Z   can't find file to patch at input line 3
2026-08-11T06:54:01.9789512Z   Perhaps you used the wrong -p or --strip option?
2026-08-11T06:54:01.9789863Z   The text leading up to this was:
2026-08-11T06:54:01.9790151Z   --------------------------
2026-08-11T06:54:01.9790412Z   |--- a/calc.py
2026-08-11T06:54:01.9790632Z   |+++ b/calc.py
2026-08-11T06:54:01.9790852Z   --------------------------
2026-08-11T06:54:01.9791106Z   File to patch: 
2026-08-11T06:54:01.9791341Z   Skip this patch? [y] 
2026-08-11T06:54:01.9791595Z   Skipping patch.
2026-08-11T06:54:01.9791888Z   patch: **** malformed patch at line 8: +    return a * b
2026-08-11T06:54:01.9792222Z   
2026-08-11T06:54:01.9792481Z   patch: **** malformed patch at line 8: +    return a * b
2026-08-11T06:54:01.9792812Z   
2026-08-11T06:54:01.9792993Z   
2026-08-11T06:54:01.9793184Z assert False
2026-08-11T06:54:01.9794290Z  +  where False = ExecResult(command='git apply --recount --verbose .bucker.patch 2>&1 || patch -p1 --forward < .bucker.patch || patch -...\n\npatch: **** malformed patch at line 8: +    return a * b\n\n', duration_ms=23, timed_out=False, secret_findings=[]).ok
2026-08-11T06:54:01.9795868Z FAILED tests/test_replay.py::test_replay_sandbox_never_mutates_the_original_workspace - AssertionError: patch: **** Can't create temporary file calc.py.obgC6R1 : Permission denied
2026-08-11T06:54:01.9796667Z   
2026-08-11T06:54:01.9796870Z assert 1 == 0
2026-08-11T06:54:01.9797869Z  +  where 1 = ExecResult(command='git apply --recount --verbose .bucker.patch 2>&1 || patch -p1 --forward < .bucker.patch || patch -...an't create temporary file calc.py.obgC6R1 : Permission denied\n", duration_ms=46, timed_out=False, secret_findings=[]).exit_code
2026-08-11T06:54:01.9799219Z ============ 10 failed, 605 passed, 1 skipped, 1 warning in 35.77s =============
2026-08-11T06:54:02.1829593Z ##[error]Process completed with exit code 1.
2026-08-11T06:54:02.1937282Z Node 20 is being deprecated. This workflow is running with Node 24 by default. If you need to temporarily use Node 20, you can set the ACTIONS_ALLOW_USE_UNSECURE_NODE_VERSION=true environment variable. For more information see: https://github.blog/changelog/2025-09-19-deprecation-of-node-20-on-github-actions-runners/
2026-08-11T06:54:02.1938586Z Post job cleanup.
2026-08-11T06:54:02.2775069Z [command]/usr/bin/git version
2026-08-11T06:54:02.2823624Z git version 2.54.0
2026-08-11T06:54:02.2868797Z Temporarily overriding HOME='/home/runner/work/_temp/c4259c58-8496-4661-8f65-781f5ca177ea' before making global git config changes
2026-08-11T06:54:02.2869666Z Adding repository directory to the temporary git global config as a safe directory
2026-08-11T06:54:02.2875728Z [command]/usr/bin/git config --global --add safe.directory /home/runner/work/bucker-agent/bucker-agent
2026-08-11T06:54:02.2913255Z [command]/usr/bin/git config --local --name-only --get-regexp core\.sshCommand
2026-08-11T06:54:02.2946135Z [command]/usr/bin/git submodule foreach --recursive sh -c "git config --local --name-only --get-regexp 'core\.sshCommand' && git config --local --unset-all 'core.sshCommand' || :"
2026-08-11T06:54:02.3155518Z [command]/usr/bin/git config --local --name-only --get-regexp http\.https\:\/\/github\.com\/\.extraheader
2026-08-11T06:54:02.3182050Z http.https://github.com/.extraheader
2026-08-11T06:54:02.3193180Z [command]/usr/bin/git config --local --unset-all http.https://github.com/.extraheader
2026-08-11T06:54:02.3223879Z [command]/usr/bin/git submodule foreach --recursive sh -c "git config --local --name-only --get-regexp 'http\.https\:\/\/github\.com\/\.extraheader' && git config --local --unset-all 'http.https://github.com/.extraheader' || :"
2026-08-11T06:54:02.3428148Z [command]/usr/bin/git config --local --name-only --get-regexp ^includeIf\.gitdir:
2026-08-11T06:54:02.3466702Z [command]/usr/bin/git submodule foreach --recursive git config --local --show-origin --name-only --get-regexp remote.origin.url
2026-08-11T06:54:02.3801077Z Print service container logs: 253149cf9a684ad2a3487c1b22810105_postgres16_3c8b6b
2026-08-11T06:54:02.3806688Z ##[command]/usr/bin/docker logs --details 26ca186fc4de2be5c9b6b172da7b1b8f7e0ed70e440129ca88b457dc202df00a
2026-08-11T06:54:02.3929185Z  initdb: warning: enabling "trust" authentication for local connections
2026-08-11T06:54:02.3930040Z  The files belonging to this database system will be owned by user "postgres".
2026-08-11T06:54:02.3931083Z  initdb: hint: You can change this by editing pg_hba.conf or using the option -A, or --auth-local and --auth-host, the next time you run initdb.
2026-08-11T06:54:02.3931991Z  2026-08-11 06:52:57.889 UTC [1] LOG:  starting PostgreSQL 16.14 (Debian 16.14-1.pgdg13+1) on x86_64-pc-linux-gnu, compiled by gcc (Debian 14.2.0-19) 14.2.0, 64-bit
2026-08-11T06:54:02.3932661Z  2026-08-11 06:52:57.889 UTC [1] LOG:  listening on IPv4 address "0.0.0.0", port 5432
2026-08-11T06:54:02.3933150Z  2026-08-11 06:52:57.889 UTC [1] LOG:  listening on IPv6 address "::", port 5432
2026-08-11T06:54:02.3933624Z  2026-08-11 06:52:57.890 UTC [1] LOG:  listening on Unix socket "/var/run/postgresql/.s.PGSQL.5432"
2026-08-11T06:54:02.3934137Z  2026-08-11 06:52:57.892 UTC [64] LOG:  database system was shut down at 2026-08-11 06:52:57 UTC
2026-08-11T06:54:02.3934596Z  2026-08-11 06:52:57.895 UTC [1] LOG:  database system is ready to accept connections
2026-08-11T06:54:02.3935021Z  2026-08-11 06:53:35.605 UTC [127] ERROR:  relation "telemetry" does not exist
2026-08-11T06:54:02.3935521Z  2026-08-11 06:53:35.605 UTC [127] STATEMENT:  TRUNCATE telemetry, snapshots, events, candidates, tasks CASCADE
2026-08-11T06:54:02.3936385Z  2026-08-11 06:53:52.286 UTC [183] ERROR:  new row for relation "tasks" violates check constraint "tasks_status_check"
2026-08-11T06:54:02.3937305Z  2026-08-11 06:53:52.286 UTC [183] DETAIL:  Failing row contains (256935cd-7329-4ed5-b9d3-1c0a228d3721, null, gateway, bogus_status, x, null, null, null, null, 2026-08-11 06:53:52.28627+00, 2026-08-11 06:53:52.28627+00).
2026-08-11T06:54:02.3938463Z  2026-08-11 06:53:52.286 UTC [183] STATEMENT:  INSERT INTO tasks (id, task_type, status, objective) VALUES ($1, 'gateway', 'bogus_status', 'x')
2026-08-11T06:54:02.3939544Z  2026-08-11 06:53:52.330 UTC [184] ERROR:  new row for relation "tasks" violates check constraint "tasks_status_check"
2026-08-11T06:54:02.3940530Z  2026-08-11 06:53:52.330 UTC [184] DETAIL:  Failing row contains (3817d0c9-06e2-448d-868a-b06c0e6959d7, null, code_change, human_approved, x, null, null, null, null, 2026-08-11 06:53:52.330352+00, 2026-08-11 06:53:52.330352+00).
2026-08-11T06:54:02.3941505Z  2026-08-11 06:53:52.330 UTC [184] STATEMENT:  INSERT INTO tasks (task_type, status, objective) VALUES ('code_change', $1, 'x')
2026-08-11T06:54:02.3942167Z  2026-08-11 06:53:52.331 UTC [184] ERROR:  new row for relation "tasks" violates check constraint "tasks_status_check"
2026-08-11T06:54:02.3943097Z  2026-08-11 06:53:52.331 UTC [184] DETAIL:  Failing row contains (fd46fa8c-e841-4e81-bf0a-a2a575e9ae71, null, code_change, human_rejected, x, null, null, null, null, 2026-08-11 06:53:52.331169+00, 2026-08-11 06:53:52.331169+00).
2026-08-11T06:54:02.3944100Z  2026-08-11 06:53:52.331 UTC [184] STATEMENT:  INSERT INTO tasks (task_type, status, objective) VALUES ('code_change', $1, 'x')
2026-08-11T06:54:02.3944742Z  2026-08-11 06:53:52.378 UTC [185] ERROR:  new row for relation "tasks" violates check constraint "tasks_status_check"
2026-08-11T06:54:02.3945632Z  2026-08-11 06:53:52.378 UTC [185] DETAIL:  Failing row contains (2ffa56fd-cbd5-462a-a024-202fd7cca12e, null, code_change, bogus, x, null, null, null, null, 2026-08-11 06:53:52.378232+00, 2026-08-11 06:53:52.378232+00).
2026-08-11T06:54:02.3946557Z  2026-08-11 06:53:52.378 UTC [185] STATEMENT:  INSERT INTO tasks (task_type, status, objective) VALUES ('code_change', $1, 'x')
2026-08-11T06:54:02.3947419Z  This user must also own the server process.
2026-08-11T06:54:02.3947721Z  
2026-08-11T06:54:02.3948557Z  The database cluster will be initialized with locale "en_US.utf8".
2026-08-11T06:54:02.3949086Z  The default database encoding has accordingly been set to "UTF8".
2026-08-11T06:54:02.3949486Z  The default text search configuration will be set to "english".
2026-08-11T06:54:02.3949793Z  
2026-08-11T06:54:02.3949983Z  Data page checksums are disabled.
2026-08-11T06:54:02.3950216Z  
2026-08-11T06:54:02.3950487Z  fixing permissions on existing directory /var/lib/postgresql/data ... ok
2026-08-11T06:54:02.3950846Z  creating subdirectories ... ok
2026-08-11T06:54:02.3951143Z  selecting dynamic shared memory implementation ... posix
2026-08-11T06:54:02.3951491Z  selecting default max_connections ... 100
2026-08-11T06:54:02.3951777Z  selecting default shared_buffers ... 128MB
2026-08-11T06:54:02.3952045Z  selecting default time zone ... Etc/UTC
2026-08-11T06:54:02.3952310Z  creating configuration files ... ok
2026-08-11T06:54:02.3952568Z  running bootstrap script ... ok
2026-08-11T06:54:02.3952842Z  performing post-bootstrap initialization ... ok
2026-08-11T06:54:02.3953133Z  syncing data to disk ... ok
2026-08-11T06:54:02.3953341Z  
2026-08-11T06:54:02.3953493Z  
2026-08-11T06:54:02.3953700Z  Success. You can now start the database server using:
2026-08-11T06:54:02.3953969Z  
2026-08-11T06:54:02.3954186Z      pg_ctl -D /var/lib/postgresql/data -l logfile start
2026-08-11T06:54:02.3954456Z  
2026-08-11T06:54:02.3955036Z  waiting for server to start....2026-08-11 06:52:57.605 UTC [48] LOG:  starting PostgreSQL 16.14 (Debian 16.14-1.pgdg13+1) on x86_64-pc-linux-gnu, compiled by gcc (Debian 14.2.0-19) 14.2.0, 64-bit
2026-08-11T06:54:02.3955831Z  2026-08-11 06:52:57.606 UTC [48] LOG:  listening on Unix socket "/var/run/postgresql/.s.PGSQL.5432"
2026-08-11T06:54:02.3956444Z  2026-08-11 06:52:57.608 UTC [51] LOG:  database system was shut down at 2026-08-11 06:52:57 UTC
2026-08-11T06:54:02.3956901Z  2026-08-11 06:52:57.611 UTC [48] LOG:  database system is ready to accept connections
2026-08-11T06:54:02.3957248Z   done
2026-08-11T06:54:02.3957414Z  server started
2026-08-11T06:54:02.3957606Z  CREATE DATABASE
2026-08-11T06:54:02.3957789Z  
2026-08-11T06:54:02.3957942Z  
2026-08-11T06:54:02.3958397Z  /usr/local/bin/docker-entrypoint.sh: ignoring /docker-entrypoint-initdb.d/*
2026-08-11T06:54:02.3958799Z  
2026-08-11T06:54:02.3959126Z  waiting for server to shut down...2026-08-11 06:52:57.772 UTC [48] LOG:  received fast shutdown request
2026-08-11T06:54:02.3959608Z  .2026-08-11 06:52:57.772 UTC [48] LOG:  aborting any active transactions
2026-08-11T06:54:02.3960138Z  2026-08-11 06:52:57.774 UTC [48] LOG:  background worker "logical replication launcher" (PID 54) exited with exit code 1
2026-08-11T06:54:02.3960626Z  2026-08-11 06:52:57.774 UTC [49] LOG:  shutting down
2026-08-11T06:54:02.3960983Z  2026-08-11 06:52:57.774 UTC [49] LOG:  checkpoint starting: shutdown immediate
2026-08-11T06:54:02.3961977Z  2026-08-11 06:52:57.786 UTC [49] LOG:  checkpoint complete: wrote 926 buffers (5.7%); 0 WAL file(s) added, 0 removed, 0 recycled; write=0.009 s, sync=0.003 s, total=0.013 s; sync files=301, longest=0.002 s, average=0.001 s; distance=4273 kB, estimate=4273 kB; lsn=0/191F0E8, redo lsn=0/191F0E8
2026-08-11T06:54:02.3962937Z  2026-08-11 06:52:57.790 UTC [48] LOG:  database system is shut down
2026-08-11T06:54:02.3963234Z   done
2026-08-11T06:54:02.3963404Z  server stopped
2026-08-11T06:54:02.3963587Z  
2026-08-11T06:54:02.3963800Z  PostgreSQL init process complete; ready for start up.
2026-08-11T06:54:02.3964076Z  
2026-08-11T06:54:02.3969737Z Stop and remove container: 253149cf9a684ad2a3487c1b22810105_postgres16_3c8b6b
2026-08-11T06:54:02.3974896Z ##[command]/usr/bin/docker rm --force 26ca186fc4de2be5c9b6b172da7b1b8f7e0ed70e440129ca88b457dc202df00a
2026-08-11T06:54:02.5061862Z 26ca186fc4de2be5c9b6b172da7b1b8f7e0ed70e440129ca88b457dc202df00a
2026-08-11T06:54:02.5088145Z Remove container network: github_network_a7a928496e25467d889903c397ef9ad7
2026-08-11T06:54:02.5092695Z ##[command]/usr/bin/docker network rm github_network_a7a928496e25467d889903c397ef9ad7
2026-08-11T06:54:02.6018708Z github_network_a7a928496e25467d889903c397ef9ad7
2026-08-11T06:54:02.6094629Z Cleaning up orphan processes
2026-08-11T06:54:02.6367039Z ##[warning]Node.js 20 is deprecated. The following actions target Node.js 20 but are being forced to run on Node.js 24: actions/checkout@v4, astral-sh/setup-uv@v3. For more information see: https://github.blog/changelog/2025-09-19-deprecation-of-node-20-on-github-actions-runners/
